<?xml version="1.0"?>
<link_info>
   <banner>TMS320C6x Linker PC v7.4.4</banner>
   <copyright>Copyright (c) 1996-2013 Texas Instruments Incorporated</copyright>
   <link_time>0x5cbb15f6</link_time>
   <output_file>camera.out</output_file>
   <entry_point>
      <name>_c_int00</name>
      <address>0xc2000000</address>
   </entry_point>
   <input_file_list>
      <input_file id="fl-2">
         <path>.\inc\</path>
         <kind>object</kind>
         <file>test_uart.obj</file>
         <name>test_uart.obj</name>
      </input_file>
      <input_file id="fl-3">
         <path>.\inc\</path>
         <kind>object</kind>
         <file>test_led.obj</file>
         <name>test_led.obj</name>
      </input_file>
      <input_file id="fl-4">
         <path>.\inc\</path>
         <kind>object</kind>
         <file>test_key_gpio.obj</file>
         <name>test_key_gpio.obj</name>
      </input_file>
      <input_file id="fl-5">
         <path>.\inc\</path>
         <kind>object</kind>
         <file>test_camera.obj</file>
         <name>test_camera.obj</name>
      </input_file>
      <input_file id="fl-6">
         <path>.\inc\</path>
         <kind>object</kind>
         <file>rk6748_vpif.obj</file>
         <name>rk6748_vpif.obj</name>
      </input_file>
      <input_file id="fl-7">
         <path>.\inc\</path>
         <kind>object</kind>
         <file>rk6748_uart.obj</file>
         <name>rk6748_uart.obj</name>
      </input_file>
      <input_file id="fl-8">
         <path>.\inc\</path>
         <kind>object</kind>
         <file>rk6748_timer.obj</file>
         <name>rk6748_timer.obj</name>
      </input_file>
      <input_file id="fl-9">
         <path>.\inc\</path>
         <kind>object</kind>
         <file>rk6748_lcd.obj</file>
         <name>rk6748_lcd.obj</name>
      </input_file>
      <input_file id="fl-a">
         <path>.\inc\</path>
         <kind>object</kind>
         <file>rk6748_i2c.obj</file>
         <name>rk6748_i2c.obj</name>
      </input_file>
      <input_file id="fl-b">
         <path>.\inc\</path>
         <kind>object</kind>
         <file>rk6748_gpio.obj</file>
         <name>rk6748_gpio.obj</name>
      </input_file>
      <input_file id="fl-c">
         <path>.\inc\</path>
         <kind>object</kind>
         <file>rk6748.obj</file>
         <name>rk6748.obj</name>
      </input_file>
      <input_file id="fl-d">
         <path>.\inc\</path>
         <kind>object</kind>
         <file>ov5640.obj</file>
         <name>ov5640.obj</name>
      </input_file>
      <input_file id="fl-e">
         <path>.\inc\</path>
         <kind>object</kind>
         <file>mat.obj</file>
         <name>mat.obj</name>
      </input_file>
      <input_file id="fl-f">
         <path>.\inc\</path>
         <kind>object</kind>
         <file>intvecs.obj</file>
         <name>intvecs.obj</name>
      </input_file>
      <input_file id="fl-10">
         <path>.\inc\</path>
         <kind>object</kind>
         <file>interrupt.obj</file>
         <name>interrupt.obj</name>
      </input_file>
      <input_file id="fl-11">
         <path>.\inc\</path>
         <kind>object</kind>
         <file>cnn.obj</file>
         <name>cnn.obj</name>
      </input_file>
      <input_file id="fl-12">
         <path>.\src\</path>
         <kind>object</kind>
         <file>main_camera.obj</file>
         <name>main_camera.obj</name>
      </input_file>
      <input_file id="fl-8d">
         <path>C:\ti\ccsv5\tools\compiler\c6000_7.4.4\lib\</path>
         <kind>archive</kind>
         <file>rts6740.lib</file>
         <name>boot.obj</name>
      </input_file>
      <input_file id="fl-8e">
         <path>C:\ti\ccsv5\tools\compiler\c6000_7.4.4\lib\</path>
         <kind>archive</kind>
         <file>rts6740.lib</file>
         <name>divf.obj</name>
      </input_file>
      <input_file id="fl-8f">
         <path>C:\ti\ccsv5\tools\compiler\c6000_7.4.4\lib\</path>
         <kind>archive</kind>
         <file>rts6740.lib</file>
         <name>divi.obj</name>
      </input_file>
      <input_file id="fl-90">
         <path>C:\ti\ccsv5\tools\compiler\c6000_7.4.4\lib\</path>
         <kind>archive</kind>
         <file>rts6740.lib</file>
         <name>divu.obj</name>
      </input_file>
      <input_file id="fl-91">
         <path>C:\ti\ccsv5\tools\compiler\c6000_7.4.4\lib\</path>
         <kind>archive</kind>
         <file>rts6740.lib</file>
         <name>exit.obj</name>
      </input_file>
      <input_file id="fl-92">
         <path>C:\ti\ccsv5\tools\compiler\c6000_7.4.4\lib\</path>
         <kind>archive</kind>
         <file>rts6740.lib</file>
         <name>exp.obj</name>
      </input_file>
      <input_file id="fl-93">
         <path>C:\ti\ccsv5\tools\compiler\c6000_7.4.4\lib\</path>
         <kind>archive</kind>
         <file>rts6740.lib</file>
         <name>fclose.obj</name>
      </input_file>
      <input_file id="fl-94">
         <path>C:\ti\ccsv5\tools\compiler\c6000_7.4.4\lib\</path>
         <kind>archive</kind>
         <file>rts6740.lib</file>
         <name>fflush.obj</name>
      </input_file>
      <input_file id="fl-95">
         <path>C:\ti\ccsv5\tools\compiler\c6000_7.4.4\lib\</path>
         <kind>archive</kind>
         <file>rts6740.lib</file>
         <name>fopen.obj</name>
      </input_file>
      <input_file id="fl-96">
         <path>C:\ti\ccsv5\tools\compiler\c6000_7.4.4\lib\</path>
         <kind>archive</kind>
         <file>rts6740.lib</file>
         <name>fwrite.obj</name>
      </input_file>
      <input_file id="fl-97">
         <path>C:\ti\ccsv5\tools\compiler\c6000_7.4.4\lib\</path>
         <kind>archive</kind>
         <file>rts6740.lib</file>
         <name>ldexp.obj</name>
      </input_file>
      <input_file id="fl-98">
         <path>C:\ti\ccsv5\tools\compiler\c6000_7.4.4\lib\</path>
         <kind>archive</kind>
         <file>rts6740.lib</file>
         <name>lowlev.obj</name>
      </input_file>
      <input_file id="fl-99">
         <path>C:\ti\ccsv5\tools\compiler\c6000_7.4.4\lib\</path>
         <kind>archive</kind>
         <file>rts6740.lib</file>
         <name>memcpy64.obj</name>
      </input_file>
      <input_file id="fl-9a">
         <path>C:\ti\ccsv5\tools\compiler\c6000_7.4.4\lib\</path>
         <kind>archive</kind>
         <file>rts6740.lib</file>
         <name>memory.obj</name>
      </input_file>
      <input_file id="fl-9b">
         <path>C:\ti\ccsv5\tools\compiler\c6000_7.4.4\lib\</path>
         <kind>archive</kind>
         <file>rts6740.lib</file>
         <name>memset.obj</name>
      </input_file>
      <input_file id="fl-9c">
         <path>C:\ti\ccsv5\tools\compiler\c6000_7.4.4\lib\</path>
         <kind>archive</kind>
         <file>rts6740.lib</file>
         <name>printf.obj</name>
      </input_file>
      <input_file id="fl-9d">
         <path>C:\ti\ccsv5\tools\compiler\c6000_7.4.4\lib\</path>
         <kind>archive</kind>
         <file>rts6740.lib</file>
         <name>push.obj</name>
      </input_file>
      <input_file id="fl-9e">
         <path>C:\ti\ccsv5\tools\compiler\c6000_7.4.4\lib\</path>
         <kind>archive</kind>
         <file>rts6740.lib</file>
         <name>rand.obj</name>
      </input_file>
      <input_file id="fl-9f">
         <path>C:\ti\ccsv5\tools\compiler\c6000_7.4.4\lib\</path>
         <kind>archive</kind>
         <file>rts6740.lib</file>
         <name>remove.obj</name>
      </input_file>
      <input_file id="fl-a0">
         <path>C:\ti\ccsv5\tools\compiler\c6000_7.4.4\lib\</path>
         <kind>archive</kind>
         <file>rts6740.lib</file>
         <name>sprintf.obj</name>
      </input_file>
      <input_file id="fl-a1">
         <path>C:\ti\ccsv5\tools\compiler\c6000_7.4.4\lib\</path>
         <kind>archive</kind>
         <file>rts6740.lib</file>
         <name>time.obj</name>
      </input_file>
      <input_file id="fl-a2">
         <path>C:\ti\ccsv5\tools\compiler\c6000_7.4.4\lib\</path>
         <kind>archive</kind>
         <file>rts6740.lib</file>
         <name>trgdrv.obj</name>
      </input_file>
      <input_file id="fl-a3">
         <path>C:\ti\ccsv5\tools\compiler\c6000_7.4.4\lib\</path>
         <kind>archive</kind>
         <file>rts6740.lib</file>
         <name>trgmsg.obj</name>
      </input_file>
      <input_file id="fl-a4">
         <path>C:\ti\ccsv5\tools\compiler\c6000_7.4.4\lib\</path>
         <kind>archive</kind>
         <file>rts6740.lib</file>
         <name>trunc.obj</name>
      </input_file>
      <input_file id="fl-a5">
         <path>C:\ti\ccsv5\tools\compiler\c6000_7.4.4\lib\</path>
         <kind>archive</kind>
         <file>rts6740.lib</file>
         <name>_io_perm.obj</name>
      </input_file>
      <input_file id="fl-a6">
         <path>C:\ti\ccsv5\tools\compiler\c6000_7.4.4\lib\</path>
         <kind>archive</kind>
         <file>rts6740.lib</file>
         <name>_lock.obj</name>
      </input_file>
      <input_file id="fl-a7">
         <path>C:\ti\ccsv5\tools\compiler\c6000_7.4.4\lib\</path>
         <kind>archive</kind>
         <file>rts6740.lib</file>
         <name>_printfi.obj</name>
      </input_file>
      <input_file id="fl-a8">
         <path>C:\ti\ccsv5\tools\compiler\c6000_7.4.4\lib\</path>
         <kind>archive</kind>
         <file>rts6740.lib</file>
         <name>args_main.obj</name>
      </input_file>
      <input_file id="fl-a9">
         <path>C:\ti\ccsv5\tools\compiler\c6000_7.4.4\lib\</path>
         <kind>archive</kind>
         <file>rts6740.lib</file>
         <name>atoi.obj</name>
      </input_file>
      <input_file id="fl-aa">
         <path>C:\ti\ccsv5\tools\compiler\c6000_7.4.4\lib\</path>
         <kind>archive</kind>
         <file>rts6740.lib</file>
         <name>autoinit.obj</name>
      </input_file>
      <input_file id="fl-ab">
         <path>C:\ti\ccsv5\tools\compiler\c6000_7.4.4\lib\</path>
         <kind>archive</kind>
         <file>rts6740.lib</file>
         <name>cpp_init.obj</name>
      </input_file>
      <input_file id="fl-ac">
         <path>C:\ti\ccsv5\tools\compiler\c6000_7.4.4\lib\</path>
         <kind>archive</kind>
         <file>rts6740.lib</file>
         <name>cpy_tbl.obj</name>
      </input_file>
      <input_file id="fl-ad">
         <path>C:\ti\ccsv5\tools\compiler\c6000_7.4.4\lib\</path>
         <kind>archive</kind>
         <file>rts6740.lib</file>
         <name>ctype.obj</name>
      </input_file>
      <input_file id="fl-ae">
         <path>C:\ti\ccsv5\tools\compiler\c6000_7.4.4\lib\</path>
         <kind>archive</kind>
         <file>rts6740.lib</file>
         <name>defs.obj</name>
      </input_file>
      <input_file id="fl-af">
         <path>C:\ti\ccsv5\tools\compiler\c6000_7.4.4\lib\</path>
         <kind>archive</kind>
         <file>rts6740.lib</file>
         <name>divd.obj</name>
      </input_file>
      <input_file id="fl-b0">
         <path>C:\ti\ccsv5\tools\compiler\c6000_7.4.4\lib\</path>
         <kind>archive</kind>
         <file>rts6740.lib</file>
         <name>errno.obj</name>
      </input_file>
      <input_file id="fl-b1">
         <path>C:\ti\ccsv5\tools\compiler\c6000_7.4.4\lib\</path>
         <kind>archive</kind>
         <file>rts6740.lib</file>
         <name>fixdli.obj</name>
      </input_file>
      <input_file id="fl-b2">
         <path>C:\ti\ccsv5\tools\compiler\c6000_7.4.4\lib\</path>
         <kind>archive</kind>
         <file>rts6740.lib</file>
         <name>fltlid.obj</name>
      </input_file>
      <input_file id="fl-b3">
         <path>C:\ti\ccsv5\tools\compiler\c6000_7.4.4\lib\</path>
         <kind>archive</kind>
         <file>rts6740.lib</file>
         <name>fputc.obj</name>
      </input_file>
      <input_file id="fl-b4">
         <path>C:\ti\ccsv5\tools\compiler\c6000_7.4.4\lib\</path>
         <kind>archive</kind>
         <file>rts6740.lib</file>
         <name>fputs.obj</name>
      </input_file>
      <input_file id="fl-b5">
         <path>C:\ti\ccsv5\tools\compiler\c6000_7.4.4\lib\</path>
         <kind>archive</kind>
         <file>rts6740.lib</file>
         <name>frcmpyd_div.obj</name>
      </input_file>
      <input_file id="fl-b6">
         <path>C:\ti\ccsv5\tools\compiler\c6000_7.4.4\lib\</path>
         <kind>archive</kind>
         <file>rts6740.lib</file>
         <name>fseek.obj</name>
      </input_file>
      <input_file id="fl-b7">
         <path>C:\ti\ccsv5\tools\compiler\c6000_7.4.4\lib\</path>
         <kind>archive</kind>
         <file>rts6740.lib</file>
         <name>imath40.obj</name>
      </input_file>
      <input_file id="fl-b8">
         <path>C:\ti\ccsv5\tools\compiler\c6000_7.4.4\lib\</path>
         <kind>archive</kind>
         <file>rts6740.lib</file>
         <name>imath64.obj</name>
      </input_file>
      <input_file id="fl-b9">
         <path>C:\ti\ccsv5\tools\compiler\c6000_7.4.4\lib\</path>
         <kind>archive</kind>
         <file>rts6740.lib</file>
         <name>isinf.obj</name>
      </input_file>
      <input_file id="fl-ba">
         <path>C:\ti\ccsv5\tools\compiler\c6000_7.4.4\lib\</path>
         <kind>archive</kind>
         <file>rts6740.lib</file>
         <name>llshift.obj</name>
      </input_file>
      <input_file id="fl-bb">
         <path>C:\ti\ccsv5\tools\compiler\c6000_7.4.4\lib\</path>
         <kind>archive</kind>
         <file>rts6740.lib</file>
         <name>ltoa.obj</name>
      </input_file>
      <input_file id="fl-bc">
         <path>C:\ti\ccsv5\tools\compiler\c6000_7.4.4\lib\</path>
         <kind>archive</kind>
         <file>rts6740.lib</file>
         <name>memccpy.obj</name>
      </input_file>
      <input_file id="fl-bd">
         <path>C:\ti\ccsv5\tools\compiler\c6000_7.4.4\lib\</path>
         <kind>archive</kind>
         <file>rts6740.lib</file>
         <name>modf.obj</name>
      </input_file>
      <input_file id="fl-be">
         <path>C:\ti\ccsv5\tools\compiler\c6000_7.4.4\lib\</path>
         <kind>archive</kind>
         <file>rts6740.lib</file>
         <name>negll.obj</name>
      </input_file>
      <input_file id="fl-bf">
         <path>C:\ti\ccsv5\tools\compiler\c6000_7.4.4\lib\</path>
         <kind>archive</kind>
         <file>rts6740.lib</file>
         <name>setvbuf.obj</name>
      </input_file>
      <input_file id="fl-c0">
         <path>C:\ti\ccsv5\tools\compiler\c6000_7.4.4\lib\</path>
         <kind>archive</kind>
         <file>rts6740.lib</file>
         <name>abs.obj</name>
      </input_file>
   </input_file_list>
   <object_component_list>
      <object_component id="oc-5f">
         <name>.cinit</name>
         <load_address>0xc31d3fa0</load_address>
         <run_address>0xc31d3fa0</run_address>
         <size>0x3c478</size>
         <input_file_ref idref="fl-11"/>
      </object_component>
      <object_component id="oc-67">
         <name>.cinit</name>
         <load_address>0xc3210418</load_address>
         <run_address>0xc3210418</run_address>
         <size>0x1008</size>
         <input_file_ref idref="fl-12"/>
      </object_component>
      <object_component id="oc-e5">
         <name>.cinit</name>
         <load_address>0xc3211420</load_address>
         <run_address>0xc3211420</run_address>
         <size>0x5c</size>
         <input_file_ref idref="fl-ae"/>
      </object_component>
      <object_component id="oc-97">
         <name>.cinit</name>
         <load_address>0xc3211480</load_address>
         <run_address>0xc3211480</run_address>
         <size>0x5c</size>
         <input_file_ref idref="fl-98"/>
      </object_component>
      <object_component id="oc-81">
         <name>.cinit</name>
         <load_address>0xc32114e0</load_address>
         <run_address>0xc32114e0</run_address>
         <size>0x40</size>
         <input_file_ref idref="fl-92"/>
      </object_component>
      <object_component id="oc-7c">
         <name>.cinit</name>
         <load_address>0xc3211520</load_address>
         <run_address>0xc3211520</run_address>
         <size>0x2c</size>
         <input_file_ref idref="fl-91"/>
      </object_component>
      <object_component id="oc-9f">
         <name>.cinit</name>
         <load_address>0xc3211550</load_address>
         <run_address>0xc3211550</run_address>
         <size>0x2c</size>
         <input_file_ref idref="fl-9a"/>
      </object_component>
      <object_component id="oc-37">
         <name>.cinit</name>
         <load_address>0xc3211580</load_address>
         <run_address>0xc3211580</run_address>
         <size>0x1c</size>
         <input_file_ref idref="fl-9"/>
      </object_component>
      <object_component id="oc-cb">
         <name>.cinit</name>
         <load_address>0xc32115a0</load_address>
         <run_address>0xc32115a0</run_address>
         <size>0x1c</size>
         <input_file_ref idref="fl-a6"/>
      </object_component>
      <object_component id="oc-2c">
         <name>.cinit</name>
         <load_address>0xc32115c0</load_address>
         <run_address>0xc32115c0</run_address>
         <size>0x14</size>
         <input_file_ref idref="fl-7"/>
      </object_component>
      <object_component id="oc-af">
         <name>.cinit</name>
         <load_address>0xc32115d8</load_address>
         <run_address>0xc32115d8</run_address>
         <size>0x10</size>
         <input_file_ref idref="fl-9e"/>
      </object_component>
      <object_component id="oc-ec">
         <name>.cinit</name>
         <load_address>0xc32115e8</load_address>
         <run_address>0xc32115e8</run_address>
         <size>0xc</size>
         <input_file_ref idref="fl-b0"/>
      </object_component>
      <object_component id="oc-8c">
         <name>.cinit</name>
         <load_address>0xc32115f8</load_address>
         <run_address>0xc32115f8</run_address>
         <size>0xc</size>
         <input_file_ref idref="fl-95"/>
      </object_component>
      <object_component id="oc-1b">
         <name>.cinit</name>
         <load_address>0xc3211608</load_address>
         <run_address>0xc3211608</run_address>
         <size>0xc</size>
         <input_file_ref idref="fl-4"/>
      </object_component>
      <object_component id="oc-169">
         <name>.const:.string:_OV5640_AF_Config</name>
         <load_address>0xc3220840</load_address>
         <run_address>0xc3220840</run_address>
         <size>0xfed</size>
         <input_file_ref idref="fl-d"/>
      </object_component>
      <object_component id="oc-f9">
         <name>.const:.string</name>
         <load_address>0xc322182d</load_address>
         <run_address>0xc322182d</run_address>
         <size>0x2</size>
         <input_file_ref idref="fl-b4"/>
      </object_component>
      <object_component id="oc-161">
         <name>.const:_ov5640_init_reg_tbl</name>
         <load_address>0xc3221830</load_address>
         <run_address>0xc3221830</run_address>
         <size>0x33c</size>
         <input_file_ref idref="fl-d"/>
      </object_component>
      <object_component id="oc-22">
         <name>.const:.string</name>
         <load_address>0xc3221b6c</load_address>
         <run_address>0xc3221b6c</run_address>
         <size>0x114</size>
         <input_file_ref idref="fl-5"/>
      </object_component>
      <object_component id="oc-17c">
         <name>.const:.string:__ctypes_</name>
         <load_address>0xc3221c80</load_address>
         <run_address>0xc3221c80</run_address>
         <size>0x101</size>
         <input_file_ref idref="fl-ad"/>
      </object_component>
      <object_component id="oc-38">
         <name>.const:.string</name>
         <load_address>0xc3221d84</load_address>
         <run_address>0xc3221d84</run_address>
         <size>0xb4</size>
         <input_file_ref idref="fl-9"/>
      </object_component>
      <object_component id="oc-163">
         <name>.const:_ov5640_rgb565_reg_tbl</name>
         <load_address>0xc3221e38</load_address>
         <run_address>0xc3221e38</run_address>
         <size>0xb4</size>
         <input_file_ref idref="fl-d"/>
      </object_component>
      <object_component id="oc-162">
         <name>.const:_OV5640_jpeg_reg_tbl</name>
         <load_address>0xc3221ef0</load_address>
         <run_address>0xc3221ef0</run_address>
         <size>0xa4</size>
         <input_file_ref idref="fl-d"/>
      </object_component>
      <object_component id="oc-6a">
         <name>.const:.string</name>
         <load_address>0xc3221f94</load_address>
         <run_address>0xc3221f94</run_address>
         <size>0x8c</size>
         <input_file_ref idref="fl-12"/>
      </object_component>
      <object_component id="oc-155">
         <name>.const:_bitval_u32</name>
         <load_address>0xc3222020</load_address>
         <run_address>0xc3222020</run_address>
         <size>0x80</size>
         <input_file_ref idref="fl-b"/>
      </object_component>
      <object_component id="oc-15">
         <name>.const:.string</name>
         <load_address>0xc32220a0</load_address>
         <run_address>0xc32220a0</run_address>
         <size>0x74</size>
         <input_file_ref idref="fl-3"/>
      </object_component>
      <object_component id="oc-1d">
         <name>.const:.string</name>
         <load_address>0xc3222114</load_address>
         <run_address>0xc3222114</run_address>
         <size>0x70</size>
         <input_file_ref idref="fl-4"/>
      </object_component>
      <object_component id="oc-46">
         <name>.const:.string</name>
         <load_address>0xc3222184</load_address>
         <run_address>0xc3222184</run_address>
         <size>0x54</size>
         <input_file_ref idref="fl-c"/>
      </object_component>
      <object_component id="oc-50">
         <name>.const:.string</name>
         <load_address>0xc32221d8</load_address>
         <run_address>0xc32221d8</run_address>
         <size>0x30</size>
         <input_file_ref idref="fl-e"/>
      </object_component>
      <object_component id="oc-61">
         <name>.const</name>
         <load_address>0xc3222208</load_address>
         <run_address>0xc3222208</run_address>
         <size>0x30</size>
         <input_file_ref idref="fl-11"/>
      </object_component>
      <object_component id="oc-164">
         <name>.const:_OV5640_EXPOSURE_TBL</name>
         <load_address>0xc3222238</load_address>
         <run_address>0xc3222238</run_address>
         <size>0x2a</size>
         <input_file_ref idref="fl-d"/>
      </object_component>
      <object_component id="oc-166">
         <name>.const:_OV5640_SATURATION_TBL</name>
         <load_address>0xc3222268</load_address>
         <run_address>0xc3222268</run_address>
         <size>0x2a</size>
         <input_file_ref idref="fl-d"/>
      </object_component>
      <object_component id="oc-d0">
         <name>.const:.string</name>
         <load_address>0xc3222292</load_address>
         <run_address>0xc3222292</run_address>
         <size>0x23</size>
         <input_file_ref idref="fl-a7"/>
      </object_component>
      <object_component id="oc-165">
         <name>.const:_OV5640_LIGHTMODE_TBL</name>
         <load_address>0xc32222b8</load_address>
         <run_address>0xc32222b8</run_address>
         <size>0x23</size>
         <input_file_ref idref="fl-d"/>
      </object_component>
      <object_component id="oc-62">
         <name>.const:.string</name>
         <load_address>0xc32222dc</load_address>
         <run_address>0xc32222dc</run_address>
         <size>0x20</size>
         <input_file_ref idref="fl-11"/>
      </object_component>
      <object_component id="oc-168">
         <name>.const:_OV5640_EFFECTS_TBL</name>
         <load_address>0xc3222300</load_address>
         <run_address>0xc3222300</run_address>
         <size>0x15</size>
         <input_file_ref idref="fl-d"/>
      </object_component>
      <object_component id="oc-4b">
         <name>.const:.string</name>
         <load_address>0xc3222318</load_address>
         <run_address>0xc3222318</run_address>
         <size>0xc</size>
         <input_file_ref idref="fl-d"/>
      </object_component>
      <object_component id="oc-69">
         <name>.const</name>
         <load_address>0xc3222324</load_address>
         <run_address>0xc3222324</run_address>
         <size>0x8</size>
         <input_file_ref idref="fl-12"/>
      </object_component>
      <object_component id="oc-154">
         <name>.switch:_getRegisterBankAndBit</name>
         <load_address>0xc3211740</load_address>
         <run_address>0xc3211740</run_address>
         <size>0x24</size>
         <input_file_ref idref="fl-b"/>
      </object_component>
      <object_component id="oc-167">
         <name>.switch:_OV5640_Contrast</name>
         <load_address>0xc3211764</load_address>
         <run_address>0xc3211764</run_address>
         <size>0x1c</size>
         <input_file_ref idref="fl-d"/>
      </object_component>
      <object_component id="oc-f">
         <name>.text:_c_int00</name>
         <load_address>0xc2000000</load_address>
         <run_address>0xc2000000</run_address>
         <size>0x80</size>
         <input_file_ref idref="fl-8d"/>
      </object_component>
      <object_component id="oc-138">
         <name>.text</name>
         <load_address>0xc3211800</load_address>
         <run_address>0xc3211800</run_address>
         <size>0x1d40</size>
         <input_file_ref idref="fl-11"/>
      </object_component>
      <object_component id="oc-5a">
         <name>.text:retain</name>
         <load_address>0xc3213540</load_address>
         <run_address>0xc3213540</run_address>
         <size>0x1aa0</size>
         <input_file_ref idref="fl-10"/>
      </object_component>
      <object_component id="oc-14c">
         <name>.text</name>
         <load_address>0xc3214fe0</load_address>
         <run_address>0xc3214fe0</run_address>
         <size>0xe80</size>
         <input_file_ref idref="fl-d"/>
      </object_component>
      <object_component id="oc-14a">
         <name>.text</name>
         <load_address>0xc3215e60</load_address>
         <run_address>0xc3215e60</run_address>
         <size>0xbc0</size>
         <input_file_ref idref="fl-e"/>
      </object_component>
      <object_component id="oc-140">
         <name>.text</name>
         <load_address>0xc3216a20</load_address>
         <run_address>0xc3216a20</run_address>
         <size>0x820</size>
         <input_file_ref idref="fl-c"/>
      </object_component>
      <object_component id="oc-141">
         <name>.text</name>
         <load_address>0xc3217240</load_address>
         <run_address>0xc3217240</run_address>
         <size>0x5c0</size>
         <input_file_ref idref="fl-10"/>
      </object_component>
      <object_component id="oc-15e">
         <name>.text:__divd</name>
         <load_address>0xc3217800</load_address>
         <run_address>0xc3217800</run_address>
         <size>0x5a0</size>
         <input_file_ref idref="fl-af"/>
      </object_component>
      <object_component id="oc-182">
         <name>.text:__getarg_diouxp</name>
         <load_address>0xc3217da0</load_address>
         <run_address>0xc3217da0</run_address>
         <size>0x580</size>
         <input_file_ref idref="fl-a7"/>
      </object_component>
      <object_component id="oc-142">
         <name>.text</name>
         <load_address>0xc3218320</load_address>
         <run_address>0xc3218320</run_address>
         <size>0x4e0</size>
         <input_file_ref idref="fl-7"/>
      </object_component>
      <object_component id="oc-15b">
         <name>.text:_fwrite</name>
         <load_address>0xc3218800</load_address>
         <run_address>0xc3218800</run_address>
         <size>0x4c0</size>
         <input_file_ref idref="fl-96"/>
      </object_component>
      <object_component id="oc-136">
         <name>.text</name>
         <load_address>0xc3218cc0</load_address>
         <run_address>0xc3218cc0</run_address>
         <size>0x4c0</size>
         <input_file_ref idref="fl-9"/>
      </object_component>
      <object_component id="oc-14d">
         <name>.text</name>
         <load_address>0xc3219180</load_address>
         <run_address>0xc3219180</run_address>
         <size>0x480</size>
         <input_file_ref idref="fl-6"/>
      </object_component>
      <object_component id="oc-13d">
         <name>.text:__printfi</name>
         <load_address>0xc3219600</load_address>
         <run_address>0xc3219600</run_address>
         <size>0x440</size>
         <input_file_ref idref="fl-a7"/>
      </object_component>
      <object_component id="oc-151">
         <name>.text:__setfield</name>
         <load_address>0xc3219a40</load_address>
         <run_address>0xc3219a40</run_address>
         <size>0x440</size>
         <input_file_ref idref="fl-a7"/>
      </object_component>
      <object_component id="oc-14e">
         <name>.text:_fputs</name>
         <load_address>0xc3219e80</load_address>
         <run_address>0xc3219e80</run_address>
         <size>0x3a0</size>
         <input_file_ref idref="fl-b4"/>
      </object_component>
      <object_component id="oc-160">
         <name>.text</name>
         <load_address>0xc321a220</load_address>
         <run_address>0xc321a220</run_address>
         <size>0x3a0</size>
         <input_file_ref idref="fl-a"/>
      </object_component>
      <object_component id="oc-16f">
         <name>.text:__pproc_fge</name>
         <load_address>0xc321a5c0</load_address>
         <run_address>0xc321a5c0</run_address>
         <size>0x320</size>
         <input_file_ref idref="fl-a7"/>
      </object_component>
      <object_component id="oc-150">
         <name>.text:__pproc_fwp</name>
         <load_address>0xc321a8e0</load_address>
         <run_address>0xc321a8e0</run_address>
         <size>0x2c0</size>
         <input_file_ref idref="fl-a7"/>
      </object_component>
      <object_component id="oc-18a">
         <name>.text:_ecvt</name>
         <load_address>0xc321aba0</load_address>
         <run_address>0xc321aba0</run_address>
         <size>0x2a0</size>
         <input_file_ref idref="fl-a7"/>
      </object_component>
      <object_component id="oc-18d">
         <name>.text:_fcvt</name>
         <load_address>0xc321ae40</load_address>
         <run_address>0xc321ae40</run_address>
         <size>0x2a0</size>
         <input_file_ref idref="fl-a7"/>
      </object_component>
      <object_component id="oc-13f">
         <name>.text</name>
         <load_address>0xc321b0e0</load_address>
         <run_address>0xc321b0e0</run_address>
         <size>0x2a0</size>
         <input_file_ref idref="fl-b"/>
      </object_component>
      <object_component id="oc-149">
         <name>.text:__divf</name>
         <load_address>0xc321b380</load_address>
         <run_address>0xc321b380</run_address>
         <size>0x280</size>
         <input_file_ref idref="fl-8e"/>
      </object_component>
      <object_component id="oc-139">
         <name>.text:_free</name>
         <load_address>0xc321b600</load_address>
         <run_address>0xc321b600</run_address>
         <size>0x280</size>
         <input_file_ref idref="fl-9a"/>
      </object_component>
      <object_component id="oc-197">
         <name>.text:__divull</name>
         <load_address>0xc321b880</load_address>
         <run_address>0xc321b880</run_address>
         <size>0x260</size>
         <input_file_ref idref="fl-b8"/>
      </object_component>
      <object_component id="oc-181">
         <name>.text:__pconv_e</name>
         <load_address>0xc321bae0</load_address>
         <run_address>0xc321bae0</run_address>
         <size>0x260</size>
         <input_file_ref idref="fl-a7"/>
      </object_component>
      <object_component id="oc-170">
         <name>.text:__pproc_diouxp</name>
         <load_address>0xc321bd40</load_address>
         <run_address>0xc321bd40</run_address>
         <size>0x240</size>
         <input_file_ref idref="fl-a7"/>
      </object_component>
      <object_component id="oc-133">
         <name>.text</name>
         <load_address>0xc321bf80</load_address>
         <run_address>0xc321bf80</run_address>
         <size>0x240</size>
         <input_file_ref idref="fl-8"/>
      </object_component>
      <object_component id="oc-152">
         <name>.text:__pproc_str</name>
         <load_address>0xc321c1c0</load_address>
         <run_address>0xc321c1c0</run_address>
         <size>0x220</size>
         <input_file_ref idref="fl-a7"/>
      </object_component>
      <object_component id="oc-153">
         <name>.text:_fputc</name>
         <load_address>0xc321c3e0</load_address>
         <run_address>0xc321c3e0</run_address>
         <size>0x220</size>
         <input_file_ref idref="fl-b3"/>
      </object_component>
      <object_component id="oc-13b">
         <name>.text</name>
         <load_address>0xc321c600</load_address>
         <run_address>0xc321c600</run_address>
         <size>0x220</size>
         <input_file_ref idref="fl-4"/>
      </object_component>
      <object_component id="oc-17f">
         <name>.text:__pconv_g</name>
         <load_address>0xc321c820</load_address>
         <run_address>0xc321c820</run_address>
         <size>0x200</size>
         <input_file_ref idref="fl-a7"/>
      </object_component>
      <object_component id="oc-17b">
         <name>.text:_setvbuf</name>
         <load_address>0xc321ca20</load_address>
         <run_address>0xc321ca20</run_address>
         <size>0x200</size>
         <input_file_ref idref="fl-bf"/>
      </object_component>
      <object_component id="oc-12e">
         <name>.text</name>
         <load_address>0xc321cc20</load_address>
         <run_address>0xc321cc20</run_address>
         <size>0x200</size>
         <input_file_ref idref="fl-12"/>
      </object_component>
      <object_component id="oc-14b">
         <name>.text:_exp</name>
         <load_address>0xc321ce20</load_address>
         <run_address>0xc321ce20</run_address>
         <size>0x1e0</size>
         <input_file_ref idref="fl-92"/>
      </object_component>
      <object_component id="oc-54">
         <name>.text</name>
         <load_address>0xc321d000</load_address>
         <run_address>0xc321d000</run_address>
         <size>0x200</size>
         <input_file_ref idref="fl-f"/>
      </object_component>
      <object_component id="oc-18c">
         <name>.text:__mcpy</name>
         <load_address>0xc321d200</load_address>
         <run_address>0xc321d200</run_address>
         <size>0x1c0</size>
         <input_file_ref idref="fl-a7"/>
      </object_component>
      <object_component id="oc-175">
         <name>.text:__openfile</name>
         <load_address>0xc321d3c0</load_address>
         <run_address>0xc321d3c0</run_address>
         <size>0x1c0</size>
         <input_file_ref idref="fl-95"/>
      </object_component>
      <object_component id="oc-196">
         <name>.text:__divul</name>
         <load_address>0xc321d580</load_address>
         <run_address>0xc321d580</run_address>
         <size>0x1a0</size>
         <input_file_ref idref="fl-b7"/>
      </object_component>
      <object_component id="oc-129">
         <name>.text:_HOSTrename</name>
         <load_address>0xc321d720</load_address>
         <run_address>0xc321d720</run_address>
         <size>0x180</size>
         <input_file_ref idref="fl-a2"/>
      </object_component>
      <object_component id="oc-137">
         <name>.text:_malloc</name>
         <load_address>0xc321d8a0</load_address>
         <run_address>0xc321d8a0</run_address>
         <size>0x180</size>
         <input_file_ref idref="fl-9a"/>
      </object_component>
      <object_component id="oc-186">
         <name>.text:_open</name>
         <load_address>0xc321da20</load_address>
         <run_address>0xc321da20</run_address>
         <size>0x180</size>
         <input_file_ref idref="fl-98"/>
      </object_component>
      <object_component id="oc-15f">
         <name>.text:_ldexp</name>
         <load_address>0xc321dba0</load_address>
         <run_address>0xc321dba0</run_address>
         <size>0x160</size>
         <input_file_ref idref="fl-97"/>
      </object_component>
      <object_component id="oc-14f">
         <name>.text:__pproc_fflags</name>
         <load_address>0xc321dd00</load_address>
         <run_address>0xc321dd00</run_address>
         <size>0x140</size>
         <input_file_ref idref="fl-a7"/>
      </object_component>
      <object_component id="oc-191">
         <name>.text:_getdevice</name>
         <load_address>0xc321de40</load_address>
         <run_address>0xc321de40</run_address>
         <size>0x140</size>
         <input_file_ref idref="fl-98"/>
      </object_component>
      <object_component id="oc-176">
         <name>.text:__closefile</name>
         <load_address>0xc321df80</load_address>
         <run_address>0xc321df80</run_address>
         <size>0x120</size>
         <input_file_ref idref="fl-93"/>
      </object_component>
      <object_component id="oc-184">
         <name>.text:__ltostr</name>
         <load_address>0xc321e0a0</load_address>
         <run_address>0xc321e0a0</run_address>
         <size>0x120</size>
         <input_file_ref idref="fl-a7"/>
      </object_component>
      <object_component id="oc-174">
         <name>.text:__search_fp</name>
         <load_address>0xc321e1c0</load_address>
         <run_address>0xc321e1c0</run_address>
         <size>0x120</size>
         <input_file_ref idref="fl-95"/>
      </object_component>
      <object_component id="oc-17a">
         <name>.text:_fseek</name>
         <load_address>0xc321e2e0</load_address>
         <run_address>0xc321e2e0</run_address>
         <size>0x120</size>
         <input_file_ref idref="fl-b6"/>
      </object_component>
      <object_component id="oc-13a">
         <name>.text</name>
         <load_address>0xc321e400</load_address>
         <run_address>0xc321e400</run_address>
         <size>0x120</size>
         <input_file_ref idref="fl-5"/>
      </object_component>
      <object_component id="oc-134">
         <name>.text</name>
         <load_address>0xc321e520</load_address>
         <run_address>0xc321e520</run_address>
         <size>0x120</size>
         <input_file_ref idref="fl-3"/>
      </object_component>
      <object_component id="oc-127">
         <name>.text:_HOSTlseek</name>
         <load_address>0xc321e640</load_address>
         <run_address>0xc321e640</run_address>
         <size>0x100</size>
         <input_file_ref idref="fl-a2"/>
      </object_component>
      <object_component id="oc-16a">
         <name>.text:__wrt_ok</name>
         <load_address>0xc321e740</load_address>
         <run_address>0xc321e740</run_address>
         <size>0x100</size>
         <input_file_ref idref="fl-a5"/>
      </object_component>
      <object_component id="oc-123">
         <name>.text:_HOSTopen</name>
         <load_address>0xc321e840</load_address>
         <run_address>0xc321e840</run_address>
         <size>0xe0</size>
         <input_file_ref idref="fl-a2"/>
      </object_component>
      <object_component id="oc-148">
         <name>.text:__divi</name>
         <load_address>0xc321e920</load_address>
         <run_address>0xc321e920</run_address>
         <size>0xe0</size>
         <input_file_ref idref="fl-8f"/>
      </object_component>
      <object_component id="oc-16e">
         <name>.text:_atoi</name>
         <load_address>0xc321ea00</load_address>
         <run_address>0xc321ea00</run_address>
         <size>0xe0</size>
         <input_file_ref idref="fl-a9"/>
      </object_component>
      <object_component id="oc-187">
         <name>.text:_close</name>
         <load_address>0xc321eae0</load_address>
         <run_address>0xc321eae0</run_address>
         <size>0xe0</size>
         <input_file_ref idref="fl-98"/>
      </object_component>
      <object_component id="oc-16d">
         <name>.text:_memset</name>
         <load_address>0xc321ebc0</load_address>
         <run_address>0xc321ebc0</run_address>
         <size>0xe0</size>
         <input_file_ref idref="fl-9b"/>
      </object_component>
      <object_component id="oc-132">
         <name>.text:_printf</name>
         <load_address>0xc321eca0</load_address>
         <run_address>0xc321eca0</run_address>
         <size>0xe0</size>
         <input_file_ref idref="fl-9c"/>
      </object_component>
      <object_component id="oc-135">
         <name>.text</name>
         <load_address>0xc321ed80</load_address>
         <run_address>0xc321ed80</run_address>
         <size>0xe0</size>
         <input_file_ref idref="fl-2"/>
      </object_component>
      <object_component id="oc-125">
         <name>.text:_HOSTread</name>
         <load_address>0xc321ee60</load_address>
         <run_address>0xc321ee60</run_address>
         <size>0xc0</size>
         <input_file_ref idref="fl-a2"/>
      </object_component>
      <object_component id="oc-128">
         <name>.text:_HOSTunlink</name>
         <load_address>0xc321ef20</load_address>
         <run_address>0xc321ef20</run_address>
         <size>0xc0</size>
         <input_file_ref idref="fl-a2"/>
      </object_component>
      <object_component id="oc-126">
         <name>.text:_HOSTwrite</name>
         <load_address>0xc321efe0</load_address>
         <run_address>0xc321efe0</run_address>
         <size>0xc0</size>
         <input_file_ref idref="fl-a2"/>
      </object_component>
      <object_component id="oc-120">
         <name>.text:__auto_init</name>
         <load_address>0xc321f0a0</load_address>
         <run_address>0xc321f0a0</run_address>
         <size>0xc0</size>
         <input_file_ref idref="fl-aa"/>
      </object_component>
      <object_component id="oc-18f">
         <name>.text:__div</name>
         <load_address>0xc321f160</load_address>
         <run_address>0xc321f160</run_address>
         <size>0xc0</size>
         <input_file_ref idref="fl-a7"/>
      </object_component>
      <object_component id="oc-158">
         <name>.text:__divu</name>
         <load_address>0xc321f220</load_address>
         <run_address>0xc321f220</run_address>
         <size>0xc0</size>
         <input_file_ref idref="fl-90"/>
      </object_component>
      <object_component id="oc-16b">
         <name>.text:__doflush</name>
         <load_address>0xc321f2e0</load_address>
         <run_address>0xc321f2e0</run_address>
         <size>0xc0</size>
         <input_file_ref idref="fl-94"/>
      </object_component>
      <object_component id="oc-122">
         <name>.text:_exit</name>
         <load_address>0xc321f3a0</load_address>
         <run_address>0xc321f3a0</run_address>
         <size>0xc0</size>
         <input_file_ref idref="fl-91"/>
      </object_component>
      <object_component id="oc-194">
         <name>.text:_ltoa</name>
         <load_address>0xc321f460</load_address>
         <run_address>0xc321f460</run_address>
         <size>0xc0</size>
         <input_file_ref idref="fl-bb"/>
      </object_component>
      <object_component id="oc-124">
         <name>.text:_HOSTclose</name>
         <load_address>0xc321f520</load_address>
         <run_address>0xc321f520</run_address>
         <size>0xa0</size>
         <input_file_ref idref="fl-a2"/>
      </object_component>
      <object_component id="oc-159">
         <name>.text:_HOSTtime</name>
         <load_address>0xc321f5c0</load_address>
         <run_address>0xc321f5c0</run_address>
         <size>0xa0</size>
         <input_file_ref idref="fl-a2"/>
      </object_component>
      <object_component id="oc-185">
         <name>.text:__cleanup</name>
         <load_address>0xc321f660</load_address>
         <run_address>0xc321f660</run_address>
         <size>0xa0</size>
         <input_file_ref idref="fl-95"/>
      </object_component>
      <object_component id="oc-19a">
         <name>.text:__divli</name>
         <load_address>0xc321f700</load_address>
         <run_address>0xc321f700</run_address>
         <size>0xa0</size>
         <input_file_ref idref="fl-b7"/>
      </object_component>
      <object_component id="oc-18b">
         <name>.text:__ecpy</name>
         <load_address>0xc321f7a0</load_address>
         <run_address>0xc321f7a0</run_address>
         <size>0xa0</size>
         <input_file_ref idref="fl-a7"/>
      </object_component>
      <object_component id="oc-18e">
         <name>.text:__fcpy</name>
         <load_address>0xc321f840</load_address>
         <run_address>0xc321f840</run_address>
         <size>0xa0</size>
         <input_file_ref idref="fl-a7"/>
      </object_component>
      <object_component id="oc-193">
         <name>.text:__fixdli</name>
         <load_address>0xc321f8e0</load_address>
         <run_address>0xc321f8e0</run_address>
         <size>0xa0</size>
         <input_file_ref idref="fl-b1"/>
      </object_component>
      <object_component id="oc-180">
         <name>.text:__pconv_f</name>
         <load_address>0xc321f980</load_address>
         <run_address>0xc321f980</run_address>
         <size>0xa0</size>
         <input_file_ref idref="fl-a7"/>
      </object_component>
      <object_component id="oc-12b">
         <name>.text:_copy_in</name>
         <load_address>0xc321fa20</load_address>
         <run_address>0xc321fa20</run_address>
         <size>0xa0</size>
         <input_file_ref idref="fl-ac"/>
      </object_component>
      <object_component id="oc-198">
         <name>.text:_finddevice</name>
         <load_address>0xc321fac0</load_address>
         <run_address>0xc321fac0</run_address>
         <size>0xa0</size>
         <input_file_ref idref="fl-98"/>
      </object_component>
      <object_component id="oc-189">
         <name>.text:_lseek</name>
         <load_address>0xc321fb60</load_address>
         <run_address>0xc321fb60</run_address>
         <size>0xa0</size>
         <input_file_ref idref="fl-98"/>
      </object_component>
      <object_component id="oc-12c">
         <name>.text:_memcpy</name>
         <load_address>0xc321fc00</load_address>
         <run_address>0xc321fc00</run_address>
         <size>0xa0</size>
         <input_file_ref idref="fl-99"/>
      </object_component>
      <object_component id="oc-144">
         <name>.text:_minsert</name>
         <load_address>0xc321fca0</load_address>
         <run_address>0xc321fca0</run_address>
         <size>0xa0</size>
         <input_file_ref idref="fl-9a"/>
      </object_component>
      <object_component id="oc-177">
         <name>.text:_modf</name>
         <load_address>0xc321fd40</load_address>
         <run_address>0xc321fd40</run_address>
         <size>0xa0</size>
         <input_file_ref idref="fl-bd"/>
      </object_component>
      <object_component id="oc-143">
         <name>.text:_mremove</name>
         <load_address>0xc321fde0</load_address>
         <run_address>0xc321fde0</run_address>
         <size>0xa0</size>
         <input_file_ref idref="fl-9a"/>
      </object_component>
      <object_component id="oc-16c">
         <name>.text:_write</name>
         <load_address>0xc321fe80</load_address>
         <run_address>0xc321fe80</run_address>
         <size>0xa0</size>
         <input_file_ref idref="fl-98"/>
      </object_component>
      <object_component id="oc-195">
         <name>.text:__fltlid</name>
         <load_address>0xc321ff20</load_address>
         <run_address>0xc321ff20</run_address>
         <size>0x80</size>
         <input_file_ref idref="fl-b2"/>
      </object_component>
      <object_component id="oc-19b">
         <name>.text:__llshl</name>
         <load_address>0xc321ffa0</load_address>
         <run_address>0xc321ffa0</run_address>
         <size>0x80</size>
         <input_file_ref idref="fl-ba"/>
      </object_component>
      <object_component id="oc-147">
         <name>.text:_calloc</name>
         <load_address>0xc3220020</load_address>
         <run_address>0xc3220020</run_address>
         <size>0x80</size>
         <input_file_ref idref="fl-9a"/>
      </object_component>
      <object_component id="oc-131">
         <name>.text:_readmsg</name>
         <load_address>0xc32200a0</load_address>
         <run_address>0xc32200a0</run_address>
         <size>0x80</size>
         <input_file_ref idref="fl-a3"/>
      </object_component>
      <object_component id="oc-192">
         <name>.text:_unlink</name>
         <load_address>0xc3220120</load_address>
         <run_address>0xc3220120</run_address>
         <size>0x80</size>
         <input_file_ref idref="fl-98"/>
      </object_component>
      <object_component id="oc-12d">
         <name>.text:___TI_cpp_init</name>
         <load_address>0xc32201a0</load_address>
         <run_address>0xc32201a0</run_address>
         <size>0x60</size>
         <input_file_ref idref="fl-ab"/>
      </object_component>
      <object_component id="oc-19c">
         <name>.text:__subcull</name>
         <load_address>0xc3220200</load_address>
         <run_address>0xc3220200</run_address>
         <size>0x60</size>
         <input_file_ref idref="fl-b8"/>
      </object_component>
      <object_component id="oc-15c">
         <name>.text:_fclose</name>
         <load_address>0xc3220260</load_address>
         <run_address>0xc3220260</run_address>
         <size>0x60</size>
         <input_file_ref idref="fl-93"/>
      </object_component>
      <object_component id="oc-15a">
         <name>.text:_fopen</name>
         <load_address>0xc32202c0</load_address>
         <run_address>0xc32202c0</run_address>
         <size>0x60</size>
         <input_file_ref idref="fl-95"/>
      </object_component>
      <object_component id="oc-171">
         <name>.text:_memccpy</name>
         <load_address>0xc3220320</load_address>
         <run_address>0xc3220320</run_address>
         <size>0x60</size>
         <input_file_ref idref="fl-bc"/>
      </object_component>
      <object_component id="oc-156">
         <name>.text:_sprintf</name>
         <load_address>0xc3220380</load_address>
         <run_address>0xc3220380</run_address>
         <size>0x60</size>
         <input_file_ref idref="fl-a0"/>
      </object_component>
      <object_component id="oc-146">
         <name>.text:_srand</name>
         <load_address>0xc32203e0</load_address>
         <run_address>0xc32203e0</run_address>
         <size>0x60</size>
         <input_file_ref idref="fl-9e"/>
      </object_component>
      <object_component id="oc-190">
         <name>.text:_tabinit</name>
         <load_address>0xc3220440</load_address>
         <run_address>0xc3220440</run_address>
         <size>0x60</size>
         <input_file_ref idref="fl-98"/>
      </object_component>
      <object_component id="oc-130">
         <name>.text:_writemsg</name>
         <load_address>0xc32204a0</load_address>
         <run_address>0xc32204a0</run_address>
         <size>0x60</size>
         <input_file_ref idref="fl-a3"/>
      </object_component>
      <object_component id="oc-17e">
         <name>.text:___isinf</name>
         <load_address>0xc3220500</load_address>
         <run_address>0xc3220500</run_address>
         <size>0x40</size>
         <input_file_ref idref="fl-b9"/>
      </object_component>
      <object_component id="oc-17d">
         <name>.text:___isnan</name>
         <load_address>0xc3220540</load_address>
         <run_address>0xc3220540</run_address>
         <size>0x40</size>
         <input_file_ref idref="fl-a7"/>
      </object_component>
      <object_component id="oc-121">
         <name>.text:__args_main</name>
         <load_address>0xc3220580</load_address>
         <run_address>0xc3220580</run_address>
         <size>0x40</size>
         <input_file_ref idref="fl-a8"/>
      </object_component>
      <object_component id="oc-179">
         <name>.text:__frcmpyd_div</name>
         <load_address>0xc32205c0</load_address>
         <run_address>0xc32205c0</run_address>
         <size>0x40</size>
         <input_file_ref idref="fl-b5"/>
      </object_component>
      <object_component id="oc-178">
         <name>.text:__llshru</name>
         <load_address>0xc3220600</load_address>
         <run_address>0xc3220600</run_address>
         <size>0x40</size>
         <input_file_ref idref="fl-ba"/>
      </object_component>
      <object_component id="oc-173">
         <name>.text:__outs</name>
         <load_address>0xc3220640</load_address>
         <run_address>0xc3220640</run_address>
         <size>0x40</size>
         <input_file_ref idref="fl-a0"/>
      </object_component>
      <object_component id="oc-199">
         <name>.text:__remli</name>
         <load_address>0xc3220680</load_address>
         <run_address>0xc3220680</run_address>
         <size>0x40</size>
         <input_file_ref idref="fl-b7"/>
      </object_component>
      <object_component id="oc-145">
         <name>.text:_time</name>
         <load_address>0xc32206c0</load_address>
         <run_address>0xc32206c0</run_address>
         <size>0x40</size>
         <input_file_ref idref="fl-a1"/>
      </object_component>
      <object_component id="oc-183">
         <name>.text:__negll</name>
         <load_address>0xc3220700</load_address>
         <run_address>0xc3220700</run_address>
         <size>0x20</size>
         <input_file_ref idref="fl-be"/>
      </object_component>
      <object_component id="oc-12a">
         <name>.text:__nop</name>
         <load_address>0xc3220720</load_address>
         <run_address>0xc3220720</run_address>
         <size>0x20</size>
         <input_file_ref idref="fl-a6"/>
      </object_component>
      <object_component id="oc-13e">
         <name>.text:__outc</name>
         <load_address>0xc3220740</load_address>
         <run_address>0xc3220740</run_address>
         <size>0x20</size>
         <input_file_ref idref="fl-9c"/>
      </object_component>
      <object_component id="oc-172">
         <name>.text:__outc</name>
         <load_address>0xc3220760</load_address>
         <run_address>0xc3220760</run_address>
         <size>0x20</size>
         <input_file_ref idref="fl-a0"/>
      </object_component>
      <object_component id="oc-13c">
         <name>.text:__outs</name>
         <load_address>0xc3220780</load_address>
         <run_address>0xc3220780</run_address>
         <size>0x20</size>
         <input_file_ref idref="fl-9c"/>
      </object_component>
      <object_component id="oc-aa">
         <name>.text:__pop_rts</name>
         <load_address>0xc32207a0</load_address>
         <run_address>0xc32207a0</run_address>
         <size>0x20</size>
         <input_file_ref idref="fl-9d"/>
      </object_component>
      <object_component id="oc-157">
         <name>.text:__push_rts</name>
         <load_address>0xc32207c0</load_address>
         <run_address>0xc32207c0</run_address>
         <size>0x20</size>
         <input_file_ref idref="fl-9d"/>
      </object_component>
      <object_component id="oc-15d">
         <name>.text:__trunc</name>
         <load_address>0xc32207e0</load_address>
         <run_address>0xc32207e0</run_address>
         <size>0x20</size>
         <input_file_ref idref="fl-a4"/>
      </object_component>
      <object_component id="oc-12f">
         <name>.text:_abort</name>
         <load_address>0xc3220800</load_address>
         <run_address>0xc3220800</run_address>
         <size>0x20</size>
         <input_file_ref idref="fl-91"/>
      </object_component>
      <object_component id="oc-188">
         <name>.text:_remove</name>
         <load_address>0xc3220820</load_address>
         <run_address>0xc3220820</run_address>
         <size>0x20</size>
         <input_file_ref idref="fl-9f"/>
      </object_component>
      <object_component id="oc-19">
         <name>.bss</name>
         <uninitialized>true</uninitialized>
         <run_address>0xc3211790</run_address>
         <size>0x4</size>
         <input_file_ref idref="fl-4"/>
      </object_component>
      <object_component id="oc-2a">
         <name>.bss</name>
         <uninitialized>true</uninitialized>
         <run_address>0xc321178c</run_address>
         <size>0x4</size>
         <input_file_ref idref="fl-7"/>
      </object_component>
      <object_component id="oc-35">
         <name>.bss</name>
         <uninitialized>true</uninitialized>
         <run_address>0xc3211780</run_address>
         <size>0x8</size>
         <input_file_ref idref="fl-9"/>
      </object_component>
      <object_component id="oc-3c">
         <name>.bss</name>
         <uninitialized>true</uninitialized>
         <run_address>0xc3211788</run_address>
         <size>0x4</size>
         <input_file_ref idref="fl-a"/>
      </object_component>
      <object_component id="oc-1c">
         <name>.far</name>
         <uninitialized>true</uninitialized>
         <run_address>0xc3100080</run_address>
         <size>0x96000</size>
         <input_file_ref idref="fl-4"/>
      </object_component>
      <object_component id="oc-2d">
         <name>.far</name>
         <uninitialized>true</uninitialized>
         <run_address>0xc31d34a8</run_address>
         <size>0x40c</size>
         <input_file_ref idref="fl-7"/>
      </object_component>
      <object_component id="oc-59">
         <name>.far</name>
         <uninitialized>true</uninitialized>
         <run_address>0xc31d3be0</run_address>
         <size>0x240</size>
         <input_file_ref idref="fl-10"/>
      </object_component>
      <object_component id="oc-60">
         <name>.far</name>
         <uninitialized>true</uninitialized>
         <run_address>0xc3196080</run_address>
         <size>0x3c428</size>
         <input_file_ref idref="fl-11"/>
      </object_component>
      <object_component id="oc-68">
         <name>.far</name>
         <uninitialized>true</uninitialized>
         <run_address>0xc31d24a8</run_address>
         <size>0x1000</size>
         <input_file_ref idref="fl-12"/>
      </object_component>
      <object_component id="oc-7d">
         <name>.far</name>
         <uninitialized>true</uninitialized>
         <run_address>0xc31d3f70</run_address>
         <size>0xc</size>
         <input_file_ref idref="fl-91"/>
      </object_component>
      <object_component id="oc-82">
         <name>.far</name>
         <uninitialized>true</uninitialized>
         <run_address>0xc31d3f40</run_address>
         <size>0x30</size>
         <input_file_ref idref="fl-92"/>
      </object_component>
      <object_component id="oc-8d">
         <name>.far</name>
         <uninitialized>true</uninitialized>
         <run_address>0xc31d3bdc</run_address>
         <size>0x4</size>
         <input_file_ref idref="fl-95"/>
      </object_component>
      <object_component id="oc-98">
         <name>.far</name>
         <uninitialized>true</uninitialized>
         <run_address>0xc31d3e20</run_address>
         <size>0x11c</size>
         <input_file_ref idref="fl-98"/>
      </object_component>
      <object_component id="oc-a0">
         <name>.far</name>
         <uninitialized>true</uninitialized>
         <run_address>0xc31d3f84</run_address>
         <size>0x8</size>
         <input_file_ref idref="fl-9a"/>
      </object_component>
      <object_component id="oc-b0">
         <name>.far</name>
         <uninitialized>true</uninitialized>
         <run_address>0xc31d3f90</run_address>
         <size>0x8</size>
         <input_file_ref idref="fl-9e"/>
      </object_component>
      <object_component id="oc-bd">
         <name>.far</name>
         <uninitialized>true</uninitialized>
         <run_address>0xc31d3f98</run_address>
         <size>0x8</size>
         <input_file_ref idref="fl-a2"/>
      </object_component>
      <object_component id="oc-cc">
         <name>.far</name>
         <uninitialized>true</uninitialized>
         <run_address>0xc31d3f7c</run_address>
         <size>0x8</size>
         <input_file_ref idref="fl-a6"/>
      </object_component>
      <object_component id="oc-e6">
         <name>.far</name>
         <uninitialized>true</uninitialized>
         <run_address>0xc31d38b8</run_address>
         <size>0x324</size>
         <input_file_ref idref="fl-ae"/>
      </object_component>
      <object_component id="oc-ed">
         <name>.far</name>
         <uninitialized>true</uninitialized>
         <run_address>0xc31d38b4</run_address>
         <size>0x4</size>
         <input_file_ref idref="fl-b0"/>
      </object_component>
      <object_component id="oc-6f">
         <name>.stack</name>
         <uninitialized>true</uninitialized>
         <run_address>0xc3000080</run_address>
         <size>0x8</size>
         <input_file_ref idref="fl-8d"/>
      </object_component>
      <object_component id="oc-1b3">
         <name>.stack</name>
         <uninitialized>true</uninitialized>
         <run_address>0xc3000080</run_address>
         <size>0x0</size>
      </object_component>
      <object_component id="oc-a1">
         <name>.sysmem</name>
         <uninitialized>true</uninitialized>
         <run_address>0xc2000080</run_address>
         <size>0x8</size>
         <input_file_ref idref="fl-9a"/>
      </object_component>
      <object_component id="oc-1b4">
         <name>.sysmem</name>
         <uninitialized>true</uninitialized>
         <run_address>0xc2000080</run_address>
         <size>0x0</size>
      </object_component>
      <object_component id="oc-c1">
         <name>.cio</name>
         <uninitialized>true</uninitialized>
         <run_address>0xc3211620</run_address>
         <size>0x120</size>
         <input_file_ref idref="fl-a3"/>
      </object_component>
      <object_component id="oc-10">
         <name>.debug_info</name>
         <load_address>0x0</load_address>
         <run_address>0x0</run_address>
         <size>0xb4e</size>
         <input_file_ref idref="fl-2"/>
      </object_component>
      <object_component id="oc-14">
         <name>.debug_info</name>
         <load_address>0xb4e</load_address>
         <run_address>0xb4e</run_address>
         <size>0xddd</size>
         <input_file_ref idref="fl-3"/>
      </object_component>
      <object_component id="oc-1a">
         <name>.debug_info</name>
         <load_address>0x192b</load_address>
         <run_address>0x192b</run_address>
         <size>0x11cd</size>
         <input_file_ref idref="fl-4"/>
      </object_component>
      <object_component id="oc-21">
         <name>.debug_info</name>
         <load_address>0x2af8</load_address>
         <run_address>0x2af8</run_address>
         <size>0xb6f</size>
         <input_file_ref idref="fl-5"/>
      </object_component>
      <object_component id="oc-26">
         <name>.debug_info</name>
         <load_address>0x3667</load_address>
         <run_address>0x3667</run_address>
         <size>0x1499</size>
         <input_file_ref idref="fl-6"/>
      </object_component>
      <object_component id="oc-2b">
         <name>.debug_info</name>
         <load_address>0x4b00</load_address>
         <run_address>0x4b00</run_address>
         <size>0x16a1</size>
         <input_file_ref idref="fl-7"/>
      </object_component>
      <object_component id="oc-31">
         <name>.debug_info</name>
         <load_address>0x61a1</load_address>
         <run_address>0x61a1</run_address>
         <size>0xb7e</size>
         <input_file_ref idref="fl-8"/>
      </object_component>
      <object_component id="oc-36">
         <name>.debug_info</name>
         <load_address>0x6d1f</load_address>
         <run_address>0x6d1f</run_address>
         <size>0x19f2</size>
         <input_file_ref idref="fl-9"/>
      </object_component>
      <object_component id="oc-3d">
         <name>.debug_info</name>
         <load_address>0x8711</load_address>
         <run_address>0x8711</run_address>
         <size>0x1341</size>
         <input_file_ref idref="fl-a"/>
      </object_component>
      <object_component id="oc-41">
         <name>.debug_info</name>
         <load_address>0x9a52</load_address>
         <run_address>0x9a52</run_address>
         <size>0xcda</size>
         <input_file_ref idref="fl-b"/>
      </object_component>
      <object_component id="oc-45">
         <name>.debug_info</name>
         <load_address>0xa72c</load_address>
         <run_address>0xa72c</run_address>
         <size>0x2130</size>
         <input_file_ref idref="fl-c"/>
      </object_component>
      <object_component id="oc-4a">
         <name>.debug_info</name>
         <load_address>0xc85c</load_address>
         <run_address>0xc85c</run_address>
         <size>0x2716</size>
         <input_file_ref idref="fl-d"/>
      </object_component>
      <object_component id="oc-4f">
         <name>.debug_info</name>
         <load_address>0xef72</load_address>
         <run_address>0xef72</run_address>
         <size>0x22d8</size>
         <input_file_ref idref="fl-e"/>
      </object_component>
      <object_component id="oc-55">
         <name>.debug_info</name>
         <load_address>0x1124a</load_address>
         <run_address>0x1124a</run_address>
         <size>0xc7</size>
         <input_file_ref idref="fl-f"/>
      </object_component>
      <object_component id="oc-58">
         <name>.debug_info</name>
         <load_address>0x11311</load_address>
         <run_address>0x11311</run_address>
         <size>0x21d8</size>
         <input_file_ref idref="fl-10"/>
      </object_component>
      <object_component id="oc-5e">
         <name>.debug_info</name>
         <load_address>0x134e9</load_address>
         <run_address>0x134e9</run_address>
         <size>0x41d5</size>
         <input_file_ref idref="fl-11"/>
      </object_component>
      <object_component id="oc-66">
         <name>.debug_info</name>
         <load_address>0x176be</load_address>
         <run_address>0x176be</run_address>
         <size>0x112f</size>
         <input_file_ref idref="fl-12"/>
      </object_component>
      <object_component id="oc-6e">
         <name>.debug_info</name>
         <load_address>0x187ed</load_address>
         <run_address>0x187ed</run_address>
         <size>0x6f2</size>
         <input_file_ref idref="fl-8d"/>
      </object_component>
      <object_component id="oc-72">
         <name>.debug_info</name>
         <load_address>0x18edf</load_address>
         <run_address>0x18edf</run_address>
         <size>0x8b5</size>
         <input_file_ref idref="fl-8e"/>
      </object_component>
      <object_component id="oc-75">
         <name>.debug_info</name>
         <load_address>0x19794</load_address>
         <run_address>0x19794</run_address>
         <size>0xbd</size>
         <input_file_ref idref="fl-8f"/>
      </object_component>
      <object_component id="oc-78">
         <name>.debug_info</name>
         <load_address>0x19851</load_address>
         <run_address>0x19851</run_address>
         <size>0xbd</size>
         <input_file_ref idref="fl-90"/>
      </object_component>
      <object_component id="oc-7b">
         <name>.debug_info</name>
         <load_address>0x1990e</load_address>
         <run_address>0x1990e</run_address>
         <size>0x7bf</size>
         <input_file_ref idref="fl-91"/>
      </object_component>
      <object_component id="oc-80">
         <name>.debug_info</name>
         <load_address>0x1a0cd</load_address>
         <run_address>0x1a0cd</run_address>
         <size>0x674</size>
         <input_file_ref idref="fl-92"/>
      </object_component>
      <object_component id="oc-85">
         <name>.debug_info</name>
         <load_address>0x1a741</load_address>
         <run_address>0x1a741</run_address>
         <size>0x867</size>
         <input_file_ref idref="fl-93"/>
      </object_component>
      <object_component id="oc-88">
         <name>.debug_info</name>
         <load_address>0x1afa8</load_address>
         <run_address>0x1afa8</run_address>
         <size>0x768</size>
         <input_file_ref idref="fl-94"/>
      </object_component>
      <object_component id="oc-8b">
         <name>.debug_info</name>
         <load_address>0x1b710</load_address>
         <run_address>0x1b710</run_address>
         <size>0xa92</size>
         <input_file_ref idref="fl-95"/>
      </object_component>
      <object_component id="oc-90">
         <name>.debug_info</name>
         <load_address>0x1c1a2</load_address>
         <run_address>0x1c1a2</run_address>
         <size>0xabe</size>
         <input_file_ref idref="fl-96"/>
      </object_component>
      <object_component id="oc-93">
         <name>.debug_info</name>
         <load_address>0x1cc60</load_address>
         <run_address>0x1cc60</run_address>
         <size>0x67e</size>
         <input_file_ref idref="fl-97"/>
      </object_component>
      <object_component id="oc-96">
         <name>.debug_info</name>
         <load_address>0x1d2de</load_address>
         <run_address>0x1d2de</run_address>
         <size>0x102b</size>
         <input_file_ref idref="fl-98"/>
      </object_component>
      <object_component id="oc-9b">
         <name>.debug_info</name>
         <load_address>0x1e309</load_address>
         <run_address>0x1e309</run_address>
         <size>0xcc</size>
         <input_file_ref idref="fl-99"/>
      </object_component>
      <object_component id="oc-9e">
         <name>.debug_info</name>
         <load_address>0x1e3d5</load_address>
         <run_address>0x1e3d5</run_address>
         <size>0xb8a</size>
         <input_file_ref idref="fl-9a"/>
      </object_component>
      <object_component id="oc-a4">
         <name>.debug_info</name>
         <load_address>0x1ef5f</load_address>
         <run_address>0x1ef5f</run_address>
         <size>0x79d</size>
         <input_file_ref idref="fl-9b"/>
      </object_component>
      <object_component id="oc-a7">
         <name>.debug_info</name>
         <load_address>0x1f6fc</load_address>
         <run_address>0x1f6fc</run_address>
         <size>0x8e9</size>
         <input_file_ref idref="fl-9c"/>
      </object_component>
      <object_component id="oc-ab">
         <name>.debug_info</name>
         <load_address>0x1ffe5</load_address>
         <run_address>0x1ffe5</run_address>
         <size>0xe9</size>
         <input_file_ref idref="fl-9d"/>
      </object_component>
      <object_component id="oc-ae">
         <name>.debug_info</name>
         <load_address>0x200ce</load_address>
         <run_address>0x200ce</run_address>
         <size>0x65e</size>
         <input_file_ref idref="fl-9e"/>
      </object_component>
      <object_component id="oc-b3">
         <name>.debug_info</name>
         <load_address>0x2072c</load_address>
         <run_address>0x2072c</run_address>
         <size>0x64b</size>
         <input_file_ref idref="fl-9f"/>
      </object_component>
      <object_component id="oc-b6">
         <name>.debug_info</name>
         <load_address>0x20d77</load_address>
         <run_address>0x20d77</run_address>
         <size>0x806</size>
         <input_file_ref idref="fl-a0"/>
      </object_component>
      <object_component id="oc-b9">
         <name>.debug_info</name>
         <load_address>0x2157d</load_address>
         <run_address>0x2157d</run_address>
         <size>0x647</size>
         <input_file_ref idref="fl-a1"/>
      </object_component>
      <object_component id="oc-bc">
         <name>.debug_info</name>
         <load_address>0x21bc4</load_address>
         <run_address>0x21bc4</run_address>
         <size>0xe40</size>
         <input_file_ref idref="fl-a2"/>
      </object_component>
      <object_component id="oc-c0">
         <name>.debug_info</name>
         <load_address>0x22a04</load_address>
         <run_address>0x22a04</run_address>
         <size>0x850</size>
         <input_file_ref idref="fl-a3"/>
      </object_component>
      <object_component id="oc-c4">
         <name>.debug_info</name>
         <load_address>0x23254</load_address>
         <run_address>0x23254</run_address>
         <size>0x638</size>
         <input_file_ref idref="fl-a4"/>
      </object_component>
      <object_component id="oc-c7">
         <name>.debug_info</name>
         <load_address>0x2388c</load_address>
         <run_address>0x2388c</run_address>
         <size>0x741</size>
         <input_file_ref idref="fl-a5"/>
      </object_component>
      <object_component id="oc-ca">
         <name>.debug_info</name>
         <load_address>0x23fcd</load_address>
         <run_address>0x23fcd</run_address>
         <size>0x633</size>
         <input_file_ref idref="fl-a6"/>
      </object_component>
      <object_component id="oc-cf">
         <name>.debug_info</name>
         <load_address>0x24600</load_address>
         <run_address>0x24600</run_address>
         <size>0x2674</size>
         <input_file_ref idref="fl-a7"/>
      </object_component>
      <object_component id="oc-d3">
         <name>.debug_info</name>
         <load_address>0x26c74</load_address>
         <run_address>0x26c74</run_address>
         <size>0x6c8</size>
         <input_file_ref idref="fl-a8"/>
      </object_component>
      <object_component id="oc-d6">
         <name>.debug_info</name>
         <load_address>0x2733c</load_address>
         <run_address>0x2733c</run_address>
         <size>0x6d5</size>
         <input_file_ref idref="fl-a9"/>
      </object_component>
      <object_component id="oc-d9">
         <name>.debug_info</name>
         <load_address>0x27a11</load_address>
         <run_address>0x27a11</run_address>
         <size>0x83e</size>
         <input_file_ref idref="fl-aa"/>
      </object_component>
      <object_component id="oc-dc">
         <name>.debug_info</name>
         <load_address>0x2824f</load_address>
         <run_address>0x2824f</run_address>
         <size>0x6b6</size>
         <input_file_ref idref="fl-ab"/>
      </object_component>
      <object_component id="oc-df">
         <name>.debug_info</name>
         <load_address>0x28905</load_address>
         <run_address>0x28905</run_address>
         <size>0x7ac</size>
         <input_file_ref idref="fl-ac"/>
      </object_component>
      <object_component id="oc-e2">
         <name>.debug_info</name>
         <load_address>0x290b1</load_address>
         <run_address>0x290b1</run_address>
         <size>0x5e1</size>
         <input_file_ref idref="fl-ad"/>
      </object_component>
      <object_component id="oc-e4">
         <name>.debug_info</name>
         <load_address>0x29692</load_address>
         <run_address>0x29692</run_address>
         <size>0x6ce</size>
         <input_file_ref idref="fl-ae"/>
      </object_component>
      <object_component id="oc-e8">
         <name>.debug_info</name>
         <load_address>0x29d60</load_address>
         <run_address>0x29d60</run_address>
         <size>0x96a</size>
         <input_file_ref idref="fl-af"/>
      </object_component>
      <object_component id="oc-eb">
         <name>.debug_info</name>
         <load_address>0x2a6ca</load_address>
         <run_address>0x2a6ca</run_address>
         <size>0x5c9</size>
         <input_file_ref idref="fl-b0"/>
      </object_component>
      <object_component id="oc-ef">
         <name>.debug_info</name>
         <load_address>0x2ac93</load_address>
         <run_address>0x2ac93</run_address>
         <size>0x67e</size>
         <input_file_ref idref="fl-b1"/>
      </object_component>
      <object_component id="oc-f2">
         <name>.debug_info</name>
         <load_address>0x2b311</load_address>
         <run_address>0x2b311</run_address>
         <size>0x697</size>
         <input_file_ref idref="fl-b2"/>
      </object_component>
      <object_component id="oc-f5">
         <name>.debug_info</name>
         <load_address>0x2b9a8</load_address>
         <run_address>0x2b9a8</run_address>
         <size>0x811</size>
         <input_file_ref idref="fl-b3"/>
      </object_component>
      <object_component id="oc-f8">
         <name>.debug_info</name>
         <load_address>0x2c1b9</load_address>
         <run_address>0x2c1b9</run_address>
         <size>0xa9d</size>
         <input_file_ref idref="fl-b4"/>
      </object_component>
      <object_component id="oc-fc">
         <name>.debug_info</name>
         <load_address>0x2cc56</load_address>
         <run_address>0x2cc56</run_address>
         <size>0x653</size>
         <input_file_ref idref="fl-b5"/>
      </object_component>
      <object_component id="oc-ff">
         <name>.debug_info</name>
         <load_address>0x2d2a9</load_address>
         <run_address>0x2d2a9</run_address>
         <size>0x7a0</size>
         <input_file_ref idref="fl-b6"/>
      </object_component>
      <object_component id="oc-102">
         <name>.debug_info</name>
         <load_address>0x2da49</load_address>
         <run_address>0x2da49</run_address>
         <size>0x78a</size>
         <input_file_ref idref="fl-b7"/>
      </object_component>
      <object_component id="oc-105">
         <name>.debug_info</name>
         <load_address>0x2e1d3</load_address>
         <run_address>0x2e1d3</run_address>
         <size>0x785</size>
         <input_file_ref idref="fl-b8"/>
      </object_component>
      <object_component id="oc-108">
         <name>.debug_info</name>
         <load_address>0x2e958</load_address>
         <run_address>0x2e958</run_address>
         <size>0x7fd</size>
         <input_file_ref idref="fl-b9"/>
      </object_component>
      <object_component id="oc-10b">
         <name>.debug_info</name>
         <load_address>0x2f155</load_address>
         <run_address>0x2f155</run_address>
         <size>0x6e8</size>
         <input_file_ref idref="fl-ba"/>
      </object_component>
      <object_component id="oc-10e">
         <name>.debug_info</name>
         <load_address>0x2f83d</load_address>
         <run_address>0x2f83d</run_address>
         <size>0x716</size>
         <input_file_ref idref="fl-bb"/>
      </object_component>
      <object_component id="oc-111">
         <name>.debug_info</name>
         <load_address>0x2ff53</load_address>
         <run_address>0x2ff53</run_address>
         <size>0x6b9</size>
         <input_file_ref idref="fl-bc"/>
      </object_component>
      <object_component id="oc-114">
         <name>.debug_info</name>
         <load_address>0x3060c</load_address>
         <run_address>0x3060c</run_address>
         <size>0x667</size>
         <input_file_ref idref="fl-bd"/>
      </object_component>
      <object_component id="oc-117">
         <name>.debug_info</name>
         <load_address>0x30c73</load_address>
         <run_address>0x30c73</run_address>
         <size>0x5ff</size>
         <input_file_ref idref="fl-be"/>
      </object_component>
      <object_component id="oc-11a">
         <name>.debug_info</name>
         <load_address>0x31272</load_address>
         <run_address>0x31272</run_address>
         <size>0x7f3</size>
         <input_file_ref idref="fl-bf"/>
      </object_component>
      <object_component id="oc-11d">
         <name>.debug_info</name>
         <load_address>0x31a65</load_address>
         <run_address>0x31a65</run_address>
         <size>0x5b3</size>
         <input_file_ref idref="fl-c0"/>
      </object_component>
      <object_component id="oc-204">
         <name>.debug_info</name>
         <load_address>0x32018</load_address>
         <run_address>0x32018</run_address>
         <size>0x6d</size>
      </object_component>
      <object_component id="oc-11">
         <name>.debug_frame</name>
         <load_address>0x0</load_address>
         <run_address>0x0</run_address>
         <size>0x2f3</size>
         <input_file_ref idref="fl-2"/>
      </object_component>
      <object_component id="oc-16">
         <name>.debug_frame</name>
         <load_address>0x2f3</load_address>
         <run_address>0x2f3</run_address>
         <size>0x2ef</size>
         <input_file_ref idref="fl-3"/>
      </object_component>
      <object_component id="oc-1e">
         <name>.debug_frame</name>
         <load_address>0x5e2</load_address>
         <run_address>0x5e2</run_address>
         <size>0x341</size>
         <input_file_ref idref="fl-4"/>
      </object_component>
[...]
         <name>_c674x_rsvd_int2_isr</name>
         <value>0xc3213704</value>
         <object_component_ref idref="oc-5a"/>
      </symbol>
      <symbol id="sm-569">
         <name>_c674x_mask_int4_isr</name>
         <value>0xc3213a90</value>
         <object_component_ref idref="oc-5a"/>
      </symbol>
      <symbol id="sm-56a">
         <name>_IntGlobalDisable</name>
         <value>0xc3217634</value>
         <object_component_ref idref="oc-141"/>
      </symbol>
      <symbol id="sm-56b">
         <name>_c674x_mask_int15_isr</name>
         <value>0xc3214e18</value>
         <object_component_ref idref="oc-5a"/>
      </symbol>
      <symbol id="sm-56c">
         <name>_IntDSPINTCInit</name>
         <value>0xc3217240</value>
         <object_component_ref idref="oc-141"/>
      </symbol>
      <symbol id="sm-56d">
         <name>_c674x_mask_int14_isr</name>
         <value>0xc3214c50</value>
         <object_component_ref idref="oc-5a"/>
      </symbol>
      <symbol id="sm-56e">
         <name>_IntDisable</name>
         <value>0xc32175d8</value>
         <object_component_ref idref="oc-141"/>
      </symbol>
      <symbol id="sm-56f">
         <name>_IntEventClear</name>
         <value>0xc32173ac</value>
         <object_component_ref idref="oc-141"/>
      </symbol>
      <symbol id="sm-570">
         <name>_IntUnRegister</name>
         <value>0xc32172d4</value>
         <object_component_ref idref="oc-141"/>
      </symbol>
      <symbol id="sm-776">
         <name>_cnnff</name>
         <value>0xc3212474</value>
         <object_component_ref idref="oc-138"/>
      </symbol>
      <symbol id="sm-777">
         <name>_importcnn</name>
         <value>0xc3211e68</value>
         <object_component_ref idref="oc-138"/>
      </symbol>
      <symbol id="sm-778">
         <name>_avgPooling</name>
         <value>0xc3212d40</value>
         <object_component_ref idref="oc-138"/>
      </symbol>
      <symbol id="sm-779">
         <name>_nnff</name>
         <value>0xc3213090</value>
         <object_component_ref idref="oc-138"/>
      </symbol>
      <symbol id="sm-77a">
         <name>_cnnclear</name>
         <value>0xc3213144</value>
         <object_component_ref idref="oc-138"/>
      </symbol>
      <symbol id="sm-77b">
         <name>_cnntest</name>
         <value>0xc3211e40</value>
         <object_component_ref idref="oc-138"/>
      </symbol>
      <symbol id="sm-77c">
         <name>_vecmaxIndex</name>
         <value>0xc3211dd8</value>
         <object_component_ref idref="oc-138"/>
      </symbol>
      <symbol id="sm-77d">
         <name>_conv1b</name>
         <value>0xc3198858</value>
         <object_component_ref idref="oc-60"/>
      </symbol>
      <symbol id="sm-77e">
         <name>_conv1w</name>
         <value>0xc3196080</value>
         <object_component_ref idref="oc-60"/>
      </symbol>
      <symbol id="sm-77f">
         <name>_initPoolLayer</name>
         <value>0xc3211bcc</value>
         <object_component_ref idref="oc-138"/>
      </symbol>
      <symbol id="sm-780">
         <name>_conv2b</name>
         <value>0xc3198870</value>
         <object_component_ref idref="oc-60"/>
      </symbol>
      <symbol id="sm-781">
         <name>_conv2w</name>
         <value>0xc31962d8</value>
         <object_component_ref idref="oc-60"/>
      </symbol>
      <symbol id="sm-782">
         <name>_activation_Sigma</name>
         <value>0xc3212cac</value>
         <object_component_ref idref="oc-138"/>
      </symbol>
      <symbol id="sm-783">
         <name>_initCovLayer</name>
         <value>0xc3211940</value>
         <object_component_ref idref="oc-138"/>
      </symbol>
      <symbol id="sm-784">
         <name>_activation_relu</name>
         <value>0xc3212d0c</value>
         <object_component_ref idref="oc-138"/>
      </symbol>
      <symbol id="sm-785">
         <name>_funW1</name>
         <value>0xc31988b0</value>
         <object_component_ref idref="oc-60"/>
      </symbol>
      <symbol id="sm-786">
         <name>_funW3</name>
         <value>0xc31d1760</value>
         <object_component_ref idref="oc-60"/>
      </symbol>
      <symbol id="sm-787">
         <name>_funW2</name>
         <value>0xc31c7890</value>
         <object_component_ref idref="oc-60"/>
      </symbol>
      <symbol id="sm-788">
         <name>_initOutLayer</name>
         <value>0xc3211cd0</value>
         <object_component_ref idref="oc-138"/>
      </symbol>
      <symbol id="sm-789">
         <name>_maxPooling</name>
         <value>0xc3212eec</value>
         <object_component_ref idref="oc-138"/>
      </symbol>
      <symbol id="sm-78a">
         <name>_cnnsetup</name>
         <value>0xc3211800</value>
         <object_component_ref idref="oc-138"/>
      </symbol>
      <symbol id="sm-78b">
         <name>_funB1</name>
         <value>0xc31c76b0</value>
         <object_component_ref idref="oc-60"/>
      </symbol>
      <symbol id="sm-78c">
         <name>_funB3</name>
         <value>0xc31d2480</value>
         <object_component_ref idref="oc-60"/>
      </symbol>
      <symbol id="sm-78d">
         <name>_funB2</name>
         <value>0xc31d1610</value>
         <object_component_ref idref="oc-60"/>
      </symbol>
      <symbol id="sm-7cf">
         <name>_main</name>
         <value>0xc321cccc</value>
         <object_component_ref idref="oc-12e"/>
      </symbol>
      <symbol id="sm-7d0">
         <name>_pic</name>
         <value>0xc31d24a8</value>
         <object_component_ref idref="oc-68"/>
      </symbol>
      <symbol id="sm-7d1">
         <name>_imageExchange</name>
         <value>0xc321cc20</value>
         <object_component_ref idref="oc-12e"/>
      </symbol>
      <symbol id="sm-7e0">
         <name>_c_int00</name>
         <value>0xc2000000</value>
         <object_component_ref idref="oc-f"/>
      </symbol>
      <symbol id="sm-7e1">
         <name>__stack</name>
         <value>0xc3000080</value>
         <object_component_ref idref="oc-6f"/>
      </symbol>
      <symbol id="sm-7f1">
         <name>__divf</name>
         <value>0xc321b380</value>
         <object_component_ref idref="oc-149"/>
      </symbol>
      <symbol id="sm-7fa">
         <name>__c6xabi_divi</name>
         <value>0xc321e920</value>
         <object_component_ref idref="oc-148"/>
      </symbol>
      <symbol id="sm-7fb">
         <name>__divi</name>
         <value>0xc321e920</value>
         <object_component_ref idref="oc-148"/>
      </symbol>
      <symbol id="sm-804">
         <name>__c6xabi_divu</name>
         <value>0xc321f220</value>
         <object_component_ref idref="oc-158"/>
      </symbol>
      <symbol id="sm-805">
         <name>__divu</name>
         <value>0xc321f220</value>
         <object_component_ref idref="oc-158"/>
      </symbol>
      <symbol id="sm-81c">
         <name>C$$EXIT</name>
         <value>0xc3220800</value>
         <object_component_ref idref="oc-12f"/>
      </symbol>
      <symbol id="sm-81d">
         <name>_exit</name>
         <value>0xc321f3a0</value>
         <object_component_ref idref="oc-122"/>
      </symbol>
      <symbol id="sm-81e">
         <name>___TI_enable_exit_profile_output</name>
         <value>0xc31d3f78</value>
         <object_component_ref idref="oc-7d"/>
      </symbol>
      <symbol id="sm-81f">
         <name>_abort</name>
         <value>0xc3220800</value>
         <object_component_ref idref="oc-12f"/>
      </symbol>
      <symbol id="sm-820">
         <name>__cleanup_ptr</name>
         <value>0xc31d3f70</value>
         <object_component_ref idref="oc-7d"/>
      </symbol>
      <symbol id="sm-821">
         <name>__dtors_ptr</name>
         <value>0xc31d3f74</value>
         <object_component_ref idref="oc-7d"/>
      </symbol>
      <symbol id="sm-834">
         <name>_exp</name>
         <value>0xc321ce20</value>
         <object_component_ref idref="oc-14b"/>
      </symbol>
      <symbol id="sm-84a">
         <name>__closefile</name>
         <value>0xc321df80</value>
         <object_component_ref idref="oc-176"/>
      </symbol>
      <symbol id="sm-84b">
         <name>_fclose</name>
         <value>0xc3220260</value>
         <object_component_ref idref="oc-15c"/>
      </symbol>
      <symbol id="sm-858">
         <name>__doflush</name>
         <value>0xc321f2e0</value>
         <object_component_ref idref="oc-16b"/>
      </symbol>
      <symbol id="sm-881">
         <name>__cleanup</name>
         <value>0xc321f660</value>
         <object_component_ref idref="oc-185"/>
      </symbol>
      <symbol id="sm-882">
         <name>_fopen</name>
         <value>0xc32202c0</value>
         <object_component_ref idref="oc-15a"/>
      </symbol>
      <symbol id="sm-8ac">
         <name>_fwrite</name>
         <value>0xc3218800</value>
         <object_component_ref idref="oc-15b"/>
      </symbol>
      <symbol id="sm-8bc">
         <name>_ldexp</name>
         <value>0xc321dba0</value>
         <object_component_ref idref="oc-15f"/>
      </symbol>
      <symbol id="sm-90a">
         <name>_unlink</name>
         <value>0xc3220120</value>
         <object_component_ref idref="oc-192"/>
      </symbol>
      <symbol id="sm-90b">
         <name>_open</name>
         <value>0xc321da20</value>
         <object_component_ref idref="oc-186"/>
      </symbol>
      <symbol id="sm-90c">
         <name>_lseek</name>
         <value>0xc321fb60</value>
         <object_component_ref idref="oc-189"/>
      </symbol>
      <symbol id="sm-90d">
         <name>_close</name>
         <value>0xc321eae0</value>
         <object_component_ref idref="oc-187"/>
      </symbol>
      <symbol id="sm-90e">
         <name>_write</name>
         <value>0xc321fe80</value>
         <object_component_ref idref="oc-16c"/>
      </symbol>
      <symbol id="sm-916">
         <name>_memcpy</name>
         <value>0xc321fc00</value>
         <object_component_ref idref="oc-12c"/>
      </symbol>
      <symbol id="sm-953">
         <name>__sys_memory</name>
         <value>0xc2000080</value>
         <object_component_ref idref="oc-a1"/>
      </symbol>
      <symbol id="sm-954">
         <name>_free</name>
         <value>0xc321b600</value>
         <object_component_ref idref="oc-139"/>
      </symbol>
      <symbol id="sm-955">
         <name>_calloc</name>
         <value>0xc3220020</value>
         <object_component_ref idref="oc-147"/>
      </symbol>
      <symbol id="sm-956">
         <name>_malloc</name>
         <value>0xc321d8a0</value>
         <object_component_ref idref="oc-137"/>
      </symbol>
      <symbol id="sm-961">
         <name>_memset</name>
         <value>0xc321ebc0</value>
         <object_component_ref idref="oc-16d"/>
      </symbol>
      <symbol id="sm-976">
         <name>_printf</name>
         <value>0xc321eca0</value>
         <object_component_ref idref="oc-132"/>
      </symbol>
      <symbol id="sm-980">
         <name>__c6xabi_push_rts</name>
         <value>0xc32207c0</value>
         <object_component_ref idref="oc-157"/>
      </symbol>
      <symbol id="sm-981">
         <name>__pop_rts</name>
         <value>0xc32207a0</value>
         <object_component_ref idref="oc-aa"/>
      </symbol>
      <symbol id="sm-982">
         <name>__c6xabi_pop_rts</name>
         <value>0xc32207a0</value>
         <object_component_ref idref="oc-aa"/>
      </symbol>
      <symbol id="sm-983">
         <name>__push_rts</name>
         <value>0xc32207c0</value>
         <object_component_ref idref="oc-157"/>
      </symbol>
      <symbol id="sm-994">
         <name>_srand</name>
         <value>0xc32203e0</value>
         <object_component_ref idref="oc-146"/>
      </symbol>
      <symbol id="sm-99e">
         <name>_remove</name>
         <value>0xc3220820</value>
         <object_component_ref idref="oc-188"/>
      </symbol>
      <symbol id="sm-9ae">
         <name>_sprintf</name>
         <value>0xc3220380</value>
         <object_component_ref idref="oc-156"/>
      </symbol>
      <symbol id="sm-9b8">
         <name>_time</name>
         <value>0xc32206c0</value>
         <object_component_ref idref="oc-145"/>
      </symbol>
      <symbol id="sm-9e5">
         <name>_HOSTopen</name>
         <value>0xc321e840</value>
         <object_component_ref idref="oc-123"/>
      </symbol>
      <symbol id="sm-9e6">
         <name>_HOSTread</name>
         <value>0xc321ee60</value>
         <object_component_ref idref="oc-125"/>
      </symbol>
      <symbol id="sm-9e7">
         <name>_HOSTtime</name>
         <value>0xc321f5c0</value>
         <object_component_ref idref="oc-159"/>
      </symbol>
      <symbol id="sm-9e8">
         <name>_HOSTrename</name>
         <value>0xc321d720</value>
         <object_component_ref idref="oc-129"/>
      </symbol>
      <symbol id="sm-9e9">
         <name>_HOSTwrite</name>
         <value>0xc321efe0</value>
         <object_component_ref idref="oc-126"/>
      </symbol>
      <symbol id="sm-9ea">
         <name>_HOSTlseek</name>
         <value>0xc321e640</value>
         <object_component_ref idref="oc-127"/>
      </symbol>
      <symbol id="sm-9eb">
         <name>_HOSTunlink</name>
         <value>0xc321ef20</value>
         <object_component_ref idref="oc-128"/>
      </symbol>
      <symbol id="sm-9ec">
         <name>_HOSTclose</name>
         <value>0xc321f520</value>
         <object_component_ref idref="oc-124"/>
      </symbol>
      <symbol id="sm-9fc">
         <name>C$$IO$$</name>
         <value>0xc32204f8</value>
         <object_component_ref idref="oc-130"/>
      </symbol>
      <symbol id="sm-9fd">
         <name>__CIOBUF_</name>
         <value>0xc3211620</value>
         <object_component_ref idref="oc-c1"/>
      </symbol>
      <symbol id="sm-9fe">
         <name>_readmsg</name>
         <value>0xc32200a0</value>
         <object_component_ref idref="oc-131"/>
      </symbol>
      <symbol id="sm-9ff">
         <name>_writemsg</name>
         <value>0xc32204a0</value>
         <object_component_ref idref="oc-130"/>
      </symbol>
      <symbol id="sm-a09">
         <name>__trunc</name>
         <value>0xc32207e0</value>
         <object_component_ref idref="oc-15d"/>
      </symbol>
      <symbol id="sm-a18">
         <name>__wrt_ok</name>
         <value>0xc321e740</value>
         <object_component_ref idref="oc-16a"/>
      </symbol>
      <symbol id="sm-a26">
         <name>__unlock</name>
         <value>0xc31d3f80</value>
         <object_component_ref idref="oc-cc"/>
      </symbol>
      <symbol id="sm-a27">
         <name>__lock</name>
         <value>0xc31d3f7c</value>
         <object_component_ref idref="oc-cc"/>
      </symbol>
      <symbol id="sm-a28">
         <name>__nop</name>
         <value>0xc3220720</value>
         <object_component_ref idref="oc-12a"/>
      </symbol>
      <symbol id="sm-b32">
         <name>__printfi</name>
         <value>0xc3219600</value>
         <object_component_ref idref="oc-13d"/>
      </symbol>
      <symbol id="sm-b3c">
         <name>__args_main</name>
         <value>0xc3220580</value>
         <object_component_ref idref="oc-121"/>
      </symbol>
      <symbol id="sm-b3d">
         <name>__TI_args_main</name>
         <value>0x1</value>
      </symbol>
      <symbol id="sm-b4b">
         <name>_atoi</name>
         <value>0xc321ea00</value>
         <object_component_ref idref="oc-16e"/>
      </symbol>
      <symbol id="sm-b5a">
         <name>__auto_init</name>
         <value>0xc321f0a0</value>
         <object_component_ref idref="oc-120"/>
      </symbol>
      <symbol id="sm-b67">
         <name>___TI_cpp_init</name>
         <value>0xc32201a0</value>
         <object_component_ref idref="oc-12d"/>
      </symbol>
      <symbol id="sm-b75">
         <name>_copy_in</name>
         <value>0xc321fa20</value>
         <object_component_ref idref="oc-12b"/>
      </symbol>
      <symbol id="sm-b7d">
         <name>__ctypes_</name>
         <value>0xc3221c80</value>
         <object_component_ref idref="oc-17c"/>
      </symbol>
      <symbol id="sm-b87">
         <name>__tmpnams</name>
         <value>0xc31d3a98</value>
         <object_component_ref idref="oc-e6"/>
      </symbol>
      <symbol id="sm-b88">
         <name>__ft_end</name>
         <value>0xc31d3bd8</value>
         <object_component_ref idref="oc-e6"/>
      </symbol>
      <symbol id="sm-b89">
         <name>__ftable</name>
         <value>0xc31d38b8</value>
         <object_component_ref idref="oc-e6"/>
      </symbol>
      <symbol id="sm-b9b">
         <name>__divd</name>
         <value>0xc3217800</value>
         <object_component_ref idref="oc-15e"/>
      </symbol>
      <symbol id="sm-ba5">
         <name>_errno</name>
         <value>0xc31d38b4</value>
         <object_component_ref idref="oc-ed"/>
      </symbol>
      <symbol id="sm-bb2">
         <name>__fixdli</name>
         <value>0xc321f8e0</value>
         <object_component_ref idref="oc-193"/>
      </symbol>
      <symbol id="sm-bbd">
         <name>__fltlid</name>
         <value>0xc321ff20</value>
         <object_component_ref idref="oc-195"/>
      </symbol>
      <symbol id="sm-bd8">
         <name>_putc</name>
         <value>0xc321c3e0</value>
         <object_component_ref idref="oc-153"/>
      </symbol>
      <symbol id="sm-bd9">
         <name>_fputc</name>
         <value>0xc321c3e0</value>
         <object_component_ref idref="oc-153"/>
      </symbol>
      <symbol id="sm-bfb">
         <name>_fputs</name>
         <value>0xc3219e80</value>
         <object_component_ref idref="oc-14e"/>
      </symbol>
      <symbol id="sm-c05">
         <name>__frcmpyd_div</name>
         <value>0xc32205c0</value>
         <object_component_ref idref="oc-179"/>
      </symbol>
      <symbol id="sm-c16">
         <name>_fseek</name>
         <value>0xc321e2e0</value>
         <object_component_ref idref="oc-17a"/>
      </symbol>
      <symbol id="sm-c26">
         <name>__divul</name>
         <value>0xc321d580</value>
         <object_component_ref idref="oc-196"/>
      </symbol>
      <symbol id="sm-c27">
         <name>__remli</name>
         <value>0xc3220680</value>
         <object_component_ref idref="oc-199"/>
      </symbol>
      <symbol id="sm-c28">
         <name>__divli</name>
         <value>0xc321f700</value>
         <object_component_ref idref="oc-19a"/>
      </symbol>
      <symbol id="sm-c3c">
         <name>__subcull</name>
         <value>0xc3220200</value>
         <object_component_ref idref="oc-19c"/>
      </symbol>
      <symbol id="sm-c3d">
         <name>__divull</name>
         <value>0xc321b880</value>
         <object_component_ref idref="oc-197"/>
      </symbol>
      <symbol id="sm-c47">
         <name>___isinf</name>
         <value>0xc3220500</value>
         <object_component_ref idref="oc-17e"/>
      </symbol>
      <symbol id="sm-c55">
         <name>__llshl</name>
         <value>0xc321ffa0</value>
         <object_component_ref idref="oc-19b"/>
      </symbol>
      <symbol id="sm-c56">
         <name>__llshru</name>
         <value>0xc3220600</value>
         <object_component_ref idref="oc-178"/>
      </symbol>
      <symbol id="sm-c63">
         <name>_ltoa</name>
         <value>0xc321f460</value>
         <object_component_ref idref="oc-194"/>
      </symbol>
      <symbol id="sm-c70">
         <name>_memccpy</name>
         <value>0xc3220320</value>
         <object_component_ref idref="oc-171"/>
      </symbol>
      <symbol id="sm-c7c">
         <name>_modf</name>
         <value>0xc321fd40</value>
         <object_component_ref idref="oc-177"/>
      </symbol>
      <symbol id="sm-c86">
         <name>__negll</name>
         <value>0xc3220700</value>
         <object_component_ref idref="oc-183"/>
      </symbol>
      <symbol id="sm-c9c">
         <name>_setvbuf</name>
         <value>0xc321ca20</value>
         <object_component_ref idref="oc-17b"/>
      </symbol>
   </symbol_table>
</link_info>
