******************************************************************************
               TMS320C6x Linker PC v7.4.4                      
******************************************************************************
>> Linked Sat Apr 20 20:52:06 2019

OUTPUT FILE NAME:   <camera.out>
ENTRY POINT SYMBOL: "_c_int00"  address: c2000000


MEMORY CONFIGURATION

         name            origin    length      used     unused   attr    fill
----------------------  --------  ---------  --------  --------  ----  --------
  L2R                   00700000   00100000  00000000  00100000  RWIX
  L2                    00800000   00040000  00000000  00040000  RWIX
  L1P                   00e00000   00008000  00000000  00008000  RWIX
  L1D                   00f00000   00008000  00000000  00008000  RWIX
  share                 80000000   00020000  00000000  00020000  RWIX
  dsp_ddrii             c2000000   1e000000  012222bc  1cdddd44  RWIX


SECTION ALLOCATION MAP

 output                                  attributes/
section   page    origin      length       input sections
--------  ----  ----------  ----------   ----------------
.pinit     0    c2000000    00000000     UNINITIALIZED

.text:_c_int00 
*          0    c2000000    00000080     
                  c2000000    00000080     rts6740.lib : boot.obj (.text:_c_int00)

.sysmem    0    c2000080    01000000     UNINITIALIZED
                  c2000080    00000008     rts6740.lib : memory.obj (.sysmem)
                  c2000088    00fffff8     --HOLE--

.stack     0    c3000080    00100000     UNINITIALIZED
                  c3000080    00000008     rts6740.lib : boot.obj (.stack)
                  c3000088    000ffff8     --HOLE--

.far       0    c3100080    000d3f20     UNINITIALIZED
                  c3100080    00096000     test_key_gpio.obj (.far)
                  c3196080    0003c428     cnn.obj (.far)
                  c31d24a8    00001000     main_camera.obj (.far)
                  c31d34a8    0000040c     rk6748_uart.obj (.far)
                  c31d38b4    00000004     rts6740.lib : errno.obj (.far)
                  c31d38b8    00000324                 : defs.obj (.far)
                  c31d3bdc    00000004                 : fopen.obj (.far)
                  c31d3be0    00000240     interrupt.obj (.far)
                  c31d3e20    0000011c     rts6740.lib : lowlev.obj (.far)
                  c31d3f3c    00000004     --HOLE--
                  c31d3f40    00000030                 : exp.obj (.far)
                  c31d3f70    0000000c                 : exit.obj (.far)
                  c31d3f7c    00000008                 : _lock.obj (.far)
                  c31d3f84    00000008                 : memory.obj (.far)
                  c31d3f8c    00000004     --HOLE--
                  c31d3f90    00000008                 : rand.obj (.far)
                  c31d3f98    00000008                 : trgdrv.obj (.far)

.cinit     0    c31d3fa0    0003d67c     
                  c31d3fa0    0003c478     cnn.obj (.cinit)
                  c3210418    00001008     main_camera.obj (.cinit)
                  c3211420    0000005c     rts6740.lib : defs.obj (.cinit)
                  c321147c    00000004     --HOLE-- [fill = 0]
                  c3211480    0000005c                 : lowlev.obj (.cinit)
                  c32114dc    00000004     --HOLE-- [fill = 0]
                  c32114e0    00000040                 : exp.obj (.cinit)
                  c3211520    0000002c                 : exit.obj (.cinit)
                  c321154c    00000004     --HOLE-- [fill = 0]
                  c3211550    0000002c                 : memory.obj (.cinit)
                  c321157c    00000004     --HOLE-- [fill = 0]
                  c3211580    0000001c     rk6748_lcd.obj (.cinit)
                  c321159c    00000004     --HOLE-- [fill = 0]
                  c32115a0    0000001c     rts6740.lib : _lock.obj (.cinit)
                  c32115bc    00000004     --HOLE-- [fill = 0]
                  c32115c0    00000014     rk6748_uart.obj (.cinit)
                  c32115d4    00000004     --HOLE-- [fill = 0]
                  c32115d8    00000010     rts6740.lib : rand.obj (.cinit)
                  c32115e8    0000000c                 : errno.obj (.cinit)
                  c32115f4    00000004     --HOLE-- [fill = 0]
                  c32115f8    0000000c                 : fopen.obj (.cinit)
                  c3211604    00000004     --HOLE-- [fill = 0]
                  c3211608    0000000c     test_key_gpio.obj (.cinit)
                  c3211614    00000004     --HOLE-- [fill = 0]
                  c3211618    00000004     (.pad.cinit) [fill = 0]

.cio       0    c3211620    00000120     UNINITIALIZED
                  c3211620    00000120     rts6740.lib : trgmsg.obj (.cio)

.switch    0    c3211740    00000040     
                  c3211740    00000024     rk6748_gpio.obj (.switch:_getRegisterBankAndBit)
                  c3211764    0000001c     ov5640.obj (.switch:_OV5640_Contrast)

.bss       0    c3211780    00000014     UNINITIALIZED
                  c3211780    00000008     rk6748_lcd.obj (.bss)
                  c3211788    00000004     rk6748_i2c.obj (.bss)
                  c321178c    00000004     rk6748_uart.obj (.bss)
                  c3211790    00000004     test_key_gpio.obj (.bss)

.text      0    c3211800    0000f040     
                  c3211800    00001d40     cnn.obj (.text)
                  c3213540    00001aa0     interrupt.obj (.text:retain)
                  c3214fe0    00000e80     ov5640.obj (.text)
                  c3215e60    00000bc0     mat.obj (.text)
                  c3216a20    00000820     rk6748.obj (.text)
                  c3217240    000005c0     interrupt.obj (.text)
                  c3217800    000005a0     rts6740.lib : divd.obj (.text:__divd)
                  c3217da0    00000580                 : _printfi.obj (.text:__getarg_diouxp)
                  c3218320    000004e0     rk6748_uart.obj (.text)
                  c3218800    000004c0     rts6740.lib : fwrite.obj (.text:_fwrite)
                  c3218cc0    000004c0     rk6748_lcd.obj (.text)
                  c3219180    00000480     rk6748_vpif.obj (.text)
                  c3219600    00000440     rts6740.lib : _printfi.obj (.text:__printfi)
                  c3219a40    00000440                 : _printfi.obj (.text:__setfield)
                  c3219e80    000003a0                 : fputs.obj (.text:_fputs)
                  c321a220    000003a0     rk6748_i2c.obj (.text)
                  c321a5c0    00000320     rts6740.lib : _printfi.obj (.text:__pproc_fge)
                  c321a8e0    000002c0                 : _printfi.obj (.text:__pproc_fwp)
                  c321aba0    000002a0                 : _printfi.obj (.text:_ecvt)
                  c321ae40    000002a0                 : _printfi.obj (.text:_fcvt)
                  c321b0e0    000002a0     rk6748_gpio.obj (.text)
                  c321b380    00000280     rts6740.lib : divf.obj (.text:__divf)
                  c321b600    00000280                 : memory.obj (.text:_free)
                  c321b880    00000260                 : imath64.obj (.text:__divull)
                  c321bae0    00000260                 : _printfi.obj (.text:__pconv_e)
                  c321bd40    00000240                 : _printfi.obj (.text:__pproc_diouxp)
                  c321bf80    00000240     rk6748_timer.obj (.text)
                  c321c1c0    00000220     rts6740.lib : _printfi.obj (.text:__pproc_str)
                  c321c3e0    00000220                 : fputc.obj (.text:_fputc)
                  c321c600    00000220     test_key_gpio.obj (.text)
                  c321c820    00000200     rts6740.lib : _printfi.obj (.text:__pconv_g)
                  c321ca20    00000200                 : setvbuf.obj (.text:_setvbuf)
                  c321cc20    00000200     main_camera.obj (.text)
                  c321ce20    000001e0     rts6740.lib : exp.obj (.text:_exp)
                  c321d000    00000200     intvecs.obj (.text)
                  c321d200    000001c0     rts6740.lib : _printfi.obj (.text:__mcpy)
                  c321d3c0    000001c0                 : fopen.obj (.text:__openfile)
                  c321d580    000001a0                 : imath40.obj (.text:__divul)
                  c321d720    00000180                 : trgdrv.obj (.text:_HOSTrename)
                  c321d8a0    00000180                 : memory.obj (.text:_malloc)
                  c321da20    00000180                 : lowlev.obj (.text:_open)
                  c321dba0    00000160                 : ldexp.obj (.text:_ldexp)
                  c321dd00    00000140                 : _printfi.obj (.text:__pproc_fflags)
                  c321de40    00000140                 : lowlev.obj (.text:_getdevice)
                  c321df80    00000120                 : fclose.obj (.text:__closefile)
                  c321e0a0    00000120                 : _printfi.obj (.text:__ltostr)
                  c321e1c0    00000120                 : fopen.obj (.text:__search_fp)
                  c321e2e0    00000120                 : fseek.obj (.text:_fseek)
                  c321e400    00000120     test_camera.obj (.text)
                  c321e520    00000120     test_led.obj (.text)
                  c321e640    00000100     rts6740.lib : trgdrv.obj (.text:_HOSTlseek)
                  c321e740    00000100                 : _io_perm.obj (.text:__wrt_ok)
                  c321e840    000000e0                 : trgdrv.obj (.text:_HOSTopen)
                  c321e920    000000e0                 : divi.obj (.text:__divi)
                  c321ea00    000000e0                 : atoi.obj (.text:_atoi)
                  c321eae0    000000e0                 : lowlev.obj (.text:_close)
                  c321ebc0    000000e0                 : memset.obj (.text:_memset)
                  c321eca0    000000e0                 : printf.obj (.text:_printf)
                  c321ed80    000000e0     test_uart.obj (.text)
                  c321ee60    000000c0     rts6740.lib : trgdrv.obj (.text:_HOSTread)
                  c321ef20    000000c0                 : trgdrv.obj (.text:_HOSTunlink)
                  c321efe0    000000c0                 : trgdrv.obj (.text:_HOSTwrite)
                  c321f0a0    000000c0                 : autoinit.obj (.text:__auto_init)
                  c321f160    000000c0                 : _printfi.obj (.text:__div)
                  c321f220    000000c0                 : divu.obj (.text:__divu)
                  c321f2e0    000000c0                 : fflush.obj (.text:__doflush)
                  c321f3a0    000000c0                 : exit.obj (.text:_exit)
                  c321f460    000000c0                 : ltoa.obj (.text:_ltoa)
                  c321f520    000000a0                 : trgdrv.obj (.text:_HOSTclose)
                  c321f5c0    000000a0                 : trgdrv.obj (.text:_HOSTtime)
                  c321f660    000000a0                 : fopen.obj (.text:__cleanup)
                  c321f700    000000a0                 : imath40.obj (.text:__divli)
                  c321f7a0    000000a0                 : _printfi.obj (.text:__ecpy)
                  c321f840    000000a0                 : _printfi.obj (.text:__fcpy)
                  c321f8e0    000000a0                 : fixdli.obj (.text:__fixdli)
                  c321f980    000000a0                 : _printfi.obj (.text:__pconv_f)
                  c321fa20    000000a0                 : cpy_tbl.obj (.text:_copy_in)
                  c321fac0    000000a0                 : lowlev.obj (.text:_finddevice)
                  c321fb60    000000a0                 : lowlev.obj (.text:_lseek)
                  c321fc00    000000a0                 : memcpy64.obj (.text:_memcpy)
                  c321fca0    000000a0                 : memory.obj (.text:_minsert)
                  c321fd40    000000a0                 : modf.obj (.text:_modf)
                  c321fde0    000000a0                 : memory.obj (.text:_mremove)
                  c321fe80    000000a0                 : lowlev.obj (.text:_write)
                  c321ff20    00000080                 : fltlid.obj (.text:__fltlid)
                  c321ffa0    00000080                 : llshift.obj (.text:__llshl)
                  c3220020    00000080                 : memory.obj (.text:_calloc)
                  c32200a0    00000080                 : trgmsg.obj (.text:_readmsg)
                  c3220120    00000080                 : lowlev.obj (.text:_unlink)
                  c32201a0    00000060                 : cpp_init.obj (.text:___TI_cpp_init)
                  c3220200    00000060                 : imath64.obj (.text:__subcull)
                  c3220260    00000060                 : fclose.obj (.text:_fclose)
                  c32202c0    00000060                 : fopen.obj (.text:_fopen)
                  c3220320    00000060                 : memccpy.obj (.text:_memccpy)
                  c3220380    00000060                 : sprintf.obj (.text:_sprintf)
                  c32203e0    00000060                 : rand.obj (.text:_srand)
                  c3220440    00000060                 : lowlev.obj (.text:_tabinit)
                  c32204a0    00000060                 : trgmsg.obj (.text:_writemsg)
                  c3220500    00000040                 : isinf.obj (.text:___isinf)
                  c3220540    00000040                 : _printfi.obj (.text:___isnan)
                  c3220580    00000040                 : args_main.obj (.text:__args_main)
                  c32205c0    00000040                 : frcmpyd_div.obj (.text:__frcmpyd_div)
                  c3220600    00000040                 : llshift.obj (.text:__llshru)
                  c3220640    00000040                 : sprintf.obj (.text:__outs)
                  c3220680    00000040                 : imath40.obj (.text:__remli)
                  c32206c0    00000040                 : time.obj (.text:_time)
                  c3220700    00000020                 : negll.obj (.text:__negll)
                  c3220720    00000020                 : _lock.obj (.text:__nop)
                  c3220740    00000020                 : printf.obj (.text:__outc)
                  c3220760    00000020                 : sprintf.obj (.text:__outc)
                  c3220780    00000020                 : printf.obj (.text:__outs)
                  c32207a0    00000020                 : push.obj (.text:__pop_rts)
                  c32207c0    00000020                 : push.obj (.text:__push_rts)
                  c32207e0    00000020                 : trunc.obj (.text:__trunc)
                  c3220800    00000020                 : exit.obj (.text:_abort)
                  c3220820    00000020                 : remove.obj (.text:_remove)

.const     0    c3220840    00001aec     
                  c3220840    00000fed     ov5640.obj (.const:.string:_OV5640_AF_Config)
                  c322182d    00000002     rts6740.lib : fputs.obj (.const:.string)
                  c322182f    00000001     --HOLE-- [fill = 0]
                  c3221830    0000033c     ov5640.obj (.const:_ov5640_init_reg_tbl)
                  c3221b6c    00000114     test_camera.obj (.const:.string)
                  c3221c80    00000101     rts6740.lib : ctype.obj (.const:.string:__ctypes_)
                  c3221d81    00000003     --HOLE-- [fill = 0]
                  c3221d84    000000b4     rk6748_lcd.obj (.const:.string)
                  c3221e38    000000b4     ov5640.obj (.const:_ov5640_rgb565_reg_tbl)
                  c3221eec    00000004     --HOLE-- [fill = 0]
                  c3221ef0    000000a4     ov5640.obj (.const:_OV5640_jpeg_reg_tbl)
                  c3221f94    0000008c     main_camera.obj (.const:.string)
                  c3222020    00000080     rk6748_gpio.obj (.const:_bitval_u32)
                  c32220a0    00000074     test_led.obj (.const:.string)
                  c3222114    00000070     test_key_gpio.obj (.const:.string)
                  c3222184    00000054     rk6748.obj (.const:.string)
                  c32221d8    00000030     mat.obj (.const:.string)
                  c3222208    00000030     cnn.obj (.const)
                  c3222238    0000002a     ov5640.obj (.const:_OV5640_EXPOSURE_TBL)
                  c3222262    00000006     --HOLE-- [fill = 0]
                  c3222268    0000002a     ov5640.obj (.const:_OV5640_SATURATION_TBL)
                  c3222292    00000023     rts6740.lib : _printfi.obj (.const:.string)
                  c32222b5    00000003     --HOLE-- [fill = 0]
                  c32222b8    00000023     ov5640.obj (.const:_OV5640_LIGHTMODE_TBL)
                  c32222db    00000001     --HOLE-- [fill = 0]
                  c32222dc    00000020     cnn.obj (.const:.string)
                  c32222fc    00000004     --HOLE-- [fill = 0]
                  c3222300    00000015     ov5640.obj (.const:_OV5640_EFFECTS_TBL)
                  c3222315    00000003     --HOLE-- [fill = 0]
                  c3222318    0000000c     ov5640.obj (.const:.string)
                  c3222324    00000008     main_camera.obj (.const)


GLOBAL SYMBOLS: SORTED ALPHABETICALLY BY Name 

address    name
--------   ----
c3211780   $bss
c3211780   .bss
c3211800   .text
c3220800   C$$EXIT
c32204f8   C$$IO$$
c321ee0c   _DebugPrintf
c321edec   _DebugUartInit
c32190cc   _DispXp1
c3217160   _DumpBuffer
c3217684   _ExcCombineAdd
c32176c8   _ExcCombineRemove
c3217664   _ExcGlobalEnable
c321b160   _GPIO_getInput
c321b0e0   _GPIO_setDir
c321b1d0   _GPIO_setOutput
c321f520   _HOSTclose
c321e640   _HOSTlseek
c321e840   _HOSTopen
c321ee60   _HOSTread
c321d720   _HOSTrename
c321f5c0   _HOSTtime
c321ef20   _HOSTunlink
c321efe0   _HOSTwrite
c321a220   _I2C_init
c321a308   _I2C_read
c321a468   _I2C_write
c3217240   _IntDSPINTCInit
c32175d8   _IntDisable
c32175a8   _IntEnable
c32173ac   _IntEventClear
c32174e4   _IntEventCombineAdd
c32173e4   _IntEventCombineInit
c3217584   _IntEventCombineRegister
c3217534   _IntEventCombineRemove
c32172fc   _IntEventMap
c3217374   _IntEventSet
c3217634   _IntGlobalDisable
c3217624   _IntGlobalEnable
c3217648   _IntGlobalRestore
c32172b0   _IntRegister
c321760c   _IntReset
c32172d4   _IntUnRegister
c321c6c8   _KEY_init
c321c738   _KEY_read
c321178c   _LBufRecvCounter
c321e530   _LED1_OFF
c321e520   _LED1_ON
c321e554   _LED2_OFF
c321e544   _LED2_ON
c321c610   _LED3_OFF
c321c600   _LED3_ON
c321c624   _LED3_overturn
c321c674   _LED4_OFF
c321c664   _LED4_ON
c321c688   _LED4_overturn
c321e568   _LED_init
c31d34a8   _LRecvBuf
c3218f70   _Lcd_BKOff
c3218f60   _Lcd_BKOn
c3218f88   _Lcd_SetPixel
c3218fc8   _Lcd_bmp
c321bf80   _MsDelay
c3220840   _OV5640_AF_Config
c3215608   _OV5640_Brightness
c321554c   _OV5640_Color_Saturation
c32156a0   _OV5640_Contrast
c32153c4   _OV5640_Exposure
c3215900   _OV5640_Flash_Ctrl
c3215d60   _OV5640_Focus_Constant
c3215ba0   _OV5640_Focus_Init
c3215cf0   _OV5640_Focus_Single
c3215a50   _OV5640_ImageWin_Set
c3215130   _OV5640_Init
c32152d8   _OV5640_JPEG_Mode
c32154c4   _OV5640_Light_Mode
c3215948   _OV5640_OutSize_Set
c3215064   _OV5640_RD_Reg
c321534c   _OV5640_RGB565_Mode
c3215774   _OV5640_Sharpness
c3215804   _OV5640_Special_Effects
c32158a4   _OV5640_Test_Pattern
c32150d8   _OV5640_WR_Reg
c3221ef0   _OV5640_jpeg_reg_tbl
c3214fe0   _OV5640_readRegister
c3216d94   _RK6748_configCache
c3216bc0   _RK6748_enableDsp
c3216a20   _RK6748_init
c3216a40   _RK6748_initRAM
c3218cc0   _RK6748_lcdInit
c3216c64   _RK6748_lpscTransition
c3216be8   _RK6748_pinmuxConfig
c31d38a8   _RK6748_uartBase
c3218320   _RK6748_uartInit
c32187c0   _RK6748_uartIntDisable
c3218790   _RK6748_uartIntEnable
c32186a4   _RK6748_uartRx
c3218768   _RK6748_uartRxInt0
c3218774   _RK6748_uartRxInt1
c3218784   _RK6748_uartRxInt2
c3218534   _RK6748_uartSend
c3218640   _RK6748_uartSendByte
c3219054   _SetColor
c321e450   _TEST_imageSensor
c321c76c   _TEST_key_gpio
c32190ec   _TEST_lcd
c321e5c8   _TEST_led
c321c0f8   _USTIMER_delay
c321c00c   _USTIMER_init
c321c16c   _USTIMER_reset
c321c194   _USTIMER_set
c3217014   _UTIL_printMem
c321ee30   _Uart2Init
c32162e0   _UpSample
c3219180   _VPIF_initReceive
c3219308   _VPIF_initTransmit
c3211620   __CIOBUF_
c3100080   __STACK_END
00100000   __STACK_SIZE
01000000   __SYSMEM_SIZE
00000001   __TI_args_main
c32201a0   ___TI_cpp_init
c31d3f78   ___TI_enable_exit_profile_output
ffffffff   ___TI_pprof_out_hndl
ffffffff   ___TI_prof_data_size
ffffffff   ___TI_prof_data_start
ffffffff   ___binit__
c3211780   ___bss__
ffffffff   ___c_args__
c31d3fa0   ___cinit__
c3211794   ___end__
c3220840   ___etext__
c3220500   ___isinf
ffffffff   ___pinit__
c3211800   ___text__
c3220580   __args_main
c321f0a0   __auto_init
c321e920   __c6xabi_divi
c321f220   __c6xabi_divu
c32207a0   __c6xabi_pop_rts
c32207c0   __c6xabi_push_rts
c321f660   __cleanup
c31d3f70   __cleanup_ptr
c321df80   __closefile
c3221c80   __ctypes_
c3217800   __divd
c321b380   __divf
c321e920   __divi
c321f700   __divli
c321f220   __divu
c321d580   __divul
c321b880   __divull
c321f2e0   __doflush
c31d3f74   __dtors_ptr
c321f8e0   __fixdli
c321ff20   __fltlid
c32205c0   __frcmpyd_div
c31d3bd8   __ft_end
c31d38b8   __ftable
c321ffa0   __llshl
c3220600   __llshru
c31d3f7c   __lock
c3220700   __negll
c3220720   __nop
c32207a0   __pop_rts
c3219600   __printfi
c32207c0   __push_rts
c3220680   __remli
c3000080   __stack
c3220200   __subcull
c2000080   __sys_memory
c31d3a98   __tmpnams
c32207e0   __trunc
c31d3f80   __unlock
c321e740   __wrt_ok
c3220800   _abort
c3212cac   _activation_Sigma
c3212d0c   _activation_relu
c3216824   _addmat
c321ea00   _atoi
c3212d40   _avgPooling
c3222020   _bitval_u32
c3100080   _buff
c3214538   _c674x_mask_int10_isr
c3214700   _c674x_mask_int11_isr
c32148c4   _c674x_mask_int12_isr
c3214a88   _c674x_mask_int13_isr
c3214c50   _c674x_mask_int14_isr
c3214e18   _c674x_mask_int15_isr
c3213a90   _c674x_mask_int4_isr
c3213c58   _c674x_mask_int5_isr
c3213e20   _c674x_mask_int6_isr
c3213fe4   _c674x_mask_int7_isr
c32141a8   _c674x_mask_int8_isr
c3214370   _c674x_mask_int9_isr
c3213540   _c674x_nmi_isr
c3213704   _c674x_rsvd_int2_isr
c32138c8   _c674x_rsvd_int3_isr
c2000000   _c_int00
c3220020   _calloc
c321eae0   _close
c3213144   _cnnclear
c3212474   _cnnff
c3211800   _cnnsetup
c3211e40   _cnntest
c3198858   _conv1b
c3196080   _conv1w
c3198870   _conv2b
c31962d8   _conv2w
c321fa20   _copy_in
c3215f34   _correlation
c32162a4   _cov
c31d38b4   _errno
c321f3a0   _exit
c321ce20   _exp
c3220260   _fclose
c32202c0   _fopen
c321c3e0   _fputc
c3219e80   _fputs
c321b600   _free
c321e2e0   _fseek
c31c76b0   _funB1
c31d1610   _funB2
c31d2480   _funB3
c31988b0   _funW1
c31c7890   _funW2
c31d1760   _funW3
c3218800   _fwrite
c3211780   _g_ptLcdcReg
c3211784   _g_ptSysconfig0Reg
c321cc20   _imageExchange
c3211e68   _importcnn
c3211940   _initCovLayer
c3211cd0   _initOutLayer
c3211bcc   _initPoolLayer
c3216de8   _init_psc
c321d000   _intcVectorTable
c321dba0   _ldexp
c321fb60   _lseek
c321f460   _ltoa
c321cccc   _main
c321d8a0   _malloc
c32164c4   _matEdgeExpand
c321664c   _matEdgeShrink
c3212eec   _maxPooling
c3220320   _memccpy
c321fc00   _memcpy
c321ebc0   _memset
c321fd40   _modf
c32168f8   _multifactor
c3213090   _nnff
c321da20   _open
c3221830   _ov5640_init_reg_tbl
c3221e38   _ov5640_rgb565_reg_tbl
c31d24a8   _pic
c321eca0   _printf
c321c3e0   _putc
c32200a0   _readmsg
c3220820   _remove
c321e400   _rgb565_test
c3215e60   _rotate180
c3216790   _savemat
c321ca20   _setvbuf
c3220380   _sprintf
c32203e0   _srand
c3216988   _summat
c32206c0   _time
c3220120   _unlink
c3211dd8   _vecmaxIndex
c321fe80   _write
c32204a0   _writemsg
ffffffff   binit
c31d3fa0   cinit
c3211794   end
c3220840   etext
ffffffff   pinit


GLOBAL SYMBOLS: SORTED BY Symbol Address 

address    name
--------   ----
00000001   __TI_args_main
00100000   __STACK_SIZE
01000000   __SYSMEM_SIZE
c2000000   _c_int00
c2000080   __sys_memory
c3000080   __stack
c3100080   __STACK_END
c3100080   _buff
c3196080   _conv1w
c31962d8   _conv2w
c3198858   _conv1b
c3198870   _conv2b
c31988b0   _funW1
c31c76b0   _funB1
c31c7890   _funW2
c31d1610   _funB2
c31d1760   _funW3
c31d2480   _funB3
c31d24a8   _pic
c31d34a8   _LRecvBuf
c31d38a8   _RK6748_uartBase
c31d38b4   _errno
c31d38b8   __ftable
c31d3a98   __tmpnams
c31d3bd8   __ft_end
c31d3f70   __cleanup_ptr
c31d3f74   __dtors_ptr
c31d3f78   ___TI_enable_exit_profile_output
c31d3f7c   __lock
c31d3f80   __unlock
c31d3fa0   ___cinit__
c31d3fa0   cinit
c3211620   __CIOBUF_
c3211780   $bss
c3211780   .bss
c3211780   ___bss__
c3211780   _g_ptLcdcReg
c3211784   _g_ptSysconfig0Reg
c321178c   _LBufRecvCounter
c3211794   ___end__
c3211794   end
c3211800   .text
c3211800   ___text__
c3211800   _cnnsetup
c3211940   _initCovLayer
c3211bcc   _initPoolLayer
c3211cd0   _initOutLayer
c3211dd8   _vecmaxIndex
c3211e40   _cnntest
c3211e68   _importcnn
c3212474   _cnnff
c3212cac   _activation_Sigma
c3212d0c   _activation_relu
c3212d40   _avgPooling
c3212eec   _maxPooling
c3213090   _nnff
c3213144   _cnnclear
c3213540   _c674x_nmi_isr
c3213704   _c674x_rsvd_int2_isr
c32138c8   _c674x_rsvd_int3_isr
c3213a90   _c674x_mask_int4_isr
c3213c58   _c674x_mask_int5_isr
c3213e20   _c674x_mask_int6_isr
c3213fe4   _c674x_mask_int7_isr
c32141a8   _c674x_mask_int8_isr
c3214370   _c674x_mask_int9_isr
c3214538   _c674x_mask_int10_isr
c3214700   _c674x_mask_int11_isr
c32148c4   _c674x_mask_int12_isr
c3214a88   _c674x_mask_int13_isr
c3214c50   _c674x_mask_int14_isr
c3214e18   _c674x_mask_int15_isr
c3214fe0   _OV5640_readRegister
c3215064   _OV5640_RD_Reg
c32150d8   _OV5640_WR_Reg
c3215130   _OV5640_Init
c32152d8   _OV5640_JPEG_Mode
c321534c   _OV5640_RGB565_Mode
c32153c4   _OV5640_Exposure
c32154c4   _OV5640_Light_Mode
c321554c   _OV5640_Color_Saturation
c3215608   _OV5640_Brightness
c32156a0   _OV5640_Contrast
c3215774   _OV5640_Sharpness
c3215804   _OV5640_Special_Effects
c32158a4   _OV5640_Test_Pattern
c3215900   _OV5640_Flash_Ctrl
c3215948   _OV5640_OutSize_Set
c3215a50   _OV5640_ImageWin_Set
c3215ba0   _OV5640_Focus_Init
c3215cf0   _OV5640_Focus_Single
c3215d60   _OV5640_Focus_Constant
c3215e60   _rotate180
c3215f34   _correlation
c32162a4   _cov
c32162e0   _UpSample
c32164c4   _matEdgeExpand
c321664c   _matEdgeShrink
c3216790   _savemat
c3216824   _addmat
c32168f8   _multifactor
c3216988   _summat
c3216a20   _RK6748_init
c3216a40   _RK6748_initRAM
c3216bc0   _RK6748_enableDsp
c3216be8   _RK6748_pinmuxConfig
c3216c64   _RK6748_lpscTransition
c3216d94   _RK6748_configCache
c3216de8   _init_psc
c3217014   _UTIL_printMem
c3217160   _DumpBuffer
c3217240   _IntDSPINTCInit
c32172b0   _IntRegister
c32172d4   _IntUnRegister
c32172fc   _IntEventMap
c3217374   _IntEventSet
c32173ac   _IntEventClear
c32173e4   _IntEventCombineInit
c32174e4   _IntEventCombineAdd
c3217534   _IntEventCombineRemove
c3217584   _IntEventCombineRegister
c32175a8   _IntEnable
c32175d8   _IntDisable
c321760c   _IntReset
c3217624   _IntGlobalEnable
c3217634   _IntGlobalDisable
c3217648   _IntGlobalRestore
c3217664   _ExcGlobalEnable
c3217684   _ExcCombineAdd
c32176c8   _ExcCombineRemove
c3217800   __divd
c3218320   _RK6748_uartInit
c3218534   _RK6748_uartSend
c3218640   _RK6748_uartSendByte
c32186a4   _RK6748_uartRx
c3218768   _RK6748_uartRxInt0
c3218774   _RK6748_uartRxInt1
c3218784   _RK6748_uartRxInt2
c3218790   _RK6748_uartIntEnable
c32187c0   _RK6748_uartIntDisable
c3218800   _fwrite
c3218cc0   _RK6748_lcdInit
c3218f60   _Lcd_BKOn
c3218f70   _Lcd_BKOff
c3218f88   _Lcd_SetPixel
c3218fc8   _Lcd_bmp
c3219054   _SetColor
c32190cc   _DispXp1
c32190ec   _TEST_lcd
c3219180   _VPIF_initReceive
c3219308   _VPIF_initTransmit
c3219600   __printfi
c3219e80   _fputs
c321a220   _I2C_init
c321a308   _I2C_read
c321a468   _I2C_write
c321b0e0   _GPIO_setDir
c321b160   _GPIO_getInput
c321b1d0   _GPIO_setOutput
c321b380   __divf
c321b600   _free
c321b880   __divull
c321bf80   _MsDelay
c321c00c   _USTIMER_init
c321c0f8   _USTIMER_delay
c321c16c   _USTIMER_reset
c321c194   _USTIMER_set
c321c3e0   _fputc
c321c3e0   _putc
c321c600   _LED3_ON
c321c610   _LED3_OFF
c321c624   _LED3_overturn
c321c664   _LED4_ON
c321c674   _LED4_OFF
c321c688   _LED4_overturn
c321c6c8   _KEY_init
c321c738   _KEY_read
c321c76c   _TEST_key_gpio
c321ca20   _setvbuf
c321cc20   _imageExchange
c321cccc   _main
c321ce20   _exp
c321d000   _intcVectorTable
c321d580   __divul
c321d720   _HOSTrename
c321d8a0   _malloc
c321da20   _open
c321dba0   _ldexp
c321df80   __closefile
c321e2e0   _fseek
c321e400   _rgb565_test
c321e450   _TEST_imageSensor
c321e520   _LED1_ON
c321e530   _LED1_OFF
c321e544   _LED2_ON
c321e554   _LED2_OFF
c321e568   _LED_init
c321e5c8   _TEST_led
c321e640   _HOSTlseek
c321e740   __wrt_ok
c321e840   _HOSTopen
c321e920   __c6xabi_divi
c321e920   __divi
c321ea00   _atoi
c321eae0   _close
c321ebc0   _memset
c321eca0   _printf
c321edec   _DebugUartInit
c321ee0c   _DebugPrintf
c321ee30   _Uart2Init
c321ee60   _HOSTread
c321ef20   _HOSTunlink
c321efe0   _HOSTwrite
c321f0a0   __auto_init
c321f220   __c6xabi_divu
c321f220   __divu
c321f2e0   __doflush
c321f3a0   _exit
c321f460   _ltoa
c321f520   _HOSTclose
c321f5c0   _HOSTtime
c321f660   __cleanup
c321f700   __divli
c321f8e0   __fixdli
c321fa20   _copy_in
c321fb60   _lseek
c321fc00   _memcpy
c321fd40   _modf
c321fe80   _write
c321ff20   __fltlid
c321ffa0   __llshl
c3220020   _calloc
c32200a0   _readmsg
c3220120   _unlink
c32201a0   ___TI_cpp_init
c3220200   __subcull
c3220260   _fclose
c32202c0   _fopen
c3220320   _memccpy
c3220380   _sprintf
c32203e0   _srand
c32204a0   _writemsg
c32204f8   C$$IO$$
c3220500   ___isinf
c3220580   __args_main
c32205c0   __frcmpyd_div
c3220600   __llshru
c3220680   __remli
c32206c0   _time
c3220700   __negll
c3220720   __nop
c32207a0   __c6xabi_pop_rts
c32207a0   __pop_rts
c32207c0   __c6xabi_push_rts
c32207c0   __push_rts
c32207e0   __trunc
c3220800   C$$EXIT
c3220800   _abort
c3220820   _remove
c3220840   _OV5640_AF_Config
c3220840   ___etext__
c3220840   etext
c3221830   _ov5640_init_reg_tbl
c3221c80   __ctypes_
c3221e38   _ov5640_rgb565_reg_tbl
c3221ef0   _OV5640_jpeg_reg_tbl
c3222020   _bitval_u32
ffffffff   ___TI_pprof_out_hndl
ffffffff   ___TI_prof_data_size
ffffffff   ___TI_prof_data_start
ffffffff   ___binit__
ffffffff   ___c_args__
ffffffff   ___pinit__
ffffffff   binit
ffffffff   pinit

[275 symbols]
